Archive member included to satisfy reference by file (symbol)

C:/Program Files/SEGGER/SEGGER Embedded Studio for ARM 4.16/lib/libm_v7em_fpv4_sp_d16_hard_t_le_eabi.a(libm_asm.o)
                              Output/ss_twr_resp nrf52832_xxaa/Obj/deca_device.o (__aeabi_d2iz)
C:/Program Files/SEGGER/SEGGER Embedded Studio for ARM 4.16/lib/libc_v7em_fpv4_sp_d16_hard_t_le_eabi.a(libc2.o)
                              Output/ss_twr_resp nrf52832_xxaa/Obj/deca_device.o (abs)
C:/Program Files/SEGGER/SEGGER Embedded Studio for ARM 4.16/lib/libc_v7em_fpv4_sp_d16_hard_t_le_eabi.a(libc2_asm.o)
                              Output/ss_twr_resp nrf52832_xxaa/Obj/nrf_memobj.o (memcpy)
C:/Program Files/SEGGER/SEGGER Embedded Studio for ARM 4.16/lib/libc_v7em_fpv4_sp_d16_hard_t_le_eabi.a(libc_asm.o)
                              C:/Program Files/SEGGER/SEGGER Embedded Studio for ARM 4.16/lib/libc_v7em_fpv4_sp_d16_hard_t_le_eabi.a(libc2.o) (__aeabi_uldivmod)
C:/Program Files/SEGGER/SEGGER Embedded Studio for ARM 4.16/lib/libdebugio_v7em_fpv4_sp_d16_hard_t_le_eabi.a(libdebugio.o)
                              Output/ss_twr_resp nrf52832_xxaa/Obj/thumb_crt0.o (debug_fopen)
C:/Program Files/SEGGER/SEGGER Embedded Studio for ARM 4.16/lib/libdebugio_mempoll_v7em_fpv4_sp_d16_hard_t_le_eabi.a(mempoll_debug_operations.o)
                              C:/Program Files/SEGGER/SEGGER Embedded Studio for ARM 4.16/lib/libdebugio_v7em_fpv4_sp_d16_hard_t_le_eabi.a(libdebugio.o) (__do_debug_operation)
C:/Program Files/SEGGER/SEGGER Embedded Studio for ARM 4.16/lib/libdebugio_mempoll_v7em_fpv4_sp_d16_hard_t_le_eabi.a(do_nv_debug_operation.o)
                              C:/Program Files/SEGGER/SEGGER Embedded Studio for ARM 4.16/lib/libdebugio_v7em_fpv4_sp_d16_hard_t_le_eabi.a(libdebugio.o) (__do_nvdebug_operation)
C:/Program Files/SEGGER/SEGGER Embedded Studio for ARM 4.16/lib/libm_v7em_fpv4_sp_d16_hard_t_le_eabi.a(libm2.o)
                              C:/Program Files/SEGGER/SEGGER Embedded Studio for ARM 4.16/lib/libvfprintf_v7em_fpv4_sp_d16_hard_t_le_eabi.o (frexp)
C:/Program Files/SEGGER/SEGGER Embedded Studio for ARM 4.16/lib/libm_v7em_fpv4_sp_d16_hard_t_le_eabi.a(libm2_asm.o)
                              C:/Program Files/SEGGER/SEGGER Embedded Studio for ARM 4.16/lib/libm_v7em_fpv4_sp_d16_hard_t_le_eabi.a(libm2.o) (fabs)

Discarded input sections

 .text          0x0000000000000000        0x0 Output/ss_twr_resp nrf52832_xxaa/Obj/thumb_crt0.o
 .data          0x0000000000000000        0x0 Output/ss_twr_resp nrf52832_xxaa/Obj/thumb_crt0.o
 .bss           0x0000000000000000        0x0 Output/ss_twr_resp nrf52832_xxaa/Obj/thumb_crt0.o
 .text.__aeabi_read_tp
                0x0000000000000000        0x8 Output/ss_twr_resp nrf52832_xxaa/Obj/thumb_crt0.o
 .text.__heap_lock
                0x0000000000000000        0x2 Output/ss_twr_resp nrf52832_xxaa/Obj/thumb_crt0.o
 .text.__heap_unlock
                0x0000000000000000        0x2 Output/ss_twr_resp nrf52832_xxaa/Obj/thumb_crt0.o
 .text.__printf_lock
                0x0000000000000000        0x2 Output/ss_twr_resp nrf52832_xxaa/Obj/thumb_crt0.o
 .text.__printf_unlock
                0x0000000000000000        0x2 Output/ss_twr_resp nrf52832_xxaa/Obj/thumb_crt0.o
 .text.__scanf_lock
                0x0000000000000000        0x2 Output/ss_twr_resp nrf52832_xxaa/Obj/thumb_crt0.o
 .text.__scanf_unlock
                0x0000000000000000        0x2 Output/ss_twr_resp nrf52832_xxaa/Obj/thumb_crt0.o
 .text.__debug_io_lock
                0x0000000000000000        0x2 Output/ss_twr_resp nrf52832_xxaa/Obj/thumb_crt0.o
 .text.__debug_io_unlock
                0x0000000000000000        0x2 Output/ss_twr_resp nrf52832_xxaa/Obj/thumb_crt0.o
 .text.abort    0x0000000000000000        0x2 Output/ss_twr_resp nrf52832_xxaa/Obj/thumb_crt0.o
 .text.__assert
                0x0000000000000000        0x2 Output/ss_twr_resp nrf52832_xxaa/Obj/thumb_crt0.o
 .text.__aeabi_assert
                0x0000000000000000        0x2 Output/ss_twr_resp nrf52832_xxaa/Obj/thumb_crt0.o
 .text.__cxa_pure_virtual
                0x0000000000000000        0x2 Output/ss_twr_resp nrf52832_xxaa/Obj/thumb_crt0.o
 .text.__cxa_guard_acquire
                0x0000000000000000       0x10 Output/ss_twr_resp nrf52832_xxaa/Obj/thumb_crt0.o
 .text.__cxa_guard_release
                0x0000000000000000        0x6 Output/ss_twr_resp nrf52832_xxaa/Obj/thumb_crt0.o
 .text.__cxa_guard_abort
                0x0000000000000000        0x2 Output/ss_twr_resp nrf52832_xxaa/Obj/thumb_crt0.o
 .text.__sync_synchronize
                0x0000000000000000        0x2 Output/ss_twr_resp nrf52832_xxaa/Obj/thumb_crt0.o
 .text.__open   0x0000000000000000        0x4 Output/ss_twr_resp nrf52832_xxaa/Obj/thumb_crt0.o
 .text.__close  0x0000000000000000        0x4 Output/ss_twr_resp nrf52832_xxaa/Obj/thumb_crt0.o
 .text.__write  0x0000000000000000        0xa Output/ss_twr_resp nrf52832_xxaa/Obj/thumb_crt0.o
[...]
Memory Configuration

Name             Origin             Length             Attributes
UNPLACED_SECTIONS 0x0000000100000000 0x0000000000000000 xw
FLASH            0x0000000000000000 0x0000000000080000 xr
SRAM             0x0000000020000000 0x0000000000010000 xw
*default*        0x0000000000000000 0xffffffffffffffff

Linker script and memory map

                0x0000000000000000                __vfprintf = __vfprintf_short_float_long
                0x0000000000000000                __vfscanf = __vfscanf_int
                0x0000000000000000                __FLASH_segment_start__ = 0x0
                0x0000000000080000                __FLASH_segment_end__ = 0x80000
                0x0000000000080000                __FLASH_segment_size__ = 0x80000
                0x0000000020000000                __SRAM_segment_start__ = 0x20000000
                0x0000000020010000                __SRAM_segment_end__ = 0x20010000
                0x0000000000010000                __SRAM_segment_size__ = 0x10000
                0x0000000000000400                __HEAPSIZE__ = 0x400
                0x0000000000000000                __STACKSIZE_PROCESS__ = 0x0
                0x0000000000000400                __STACKSIZE__ = 0x400
                0x0000000020000000                __vectors_ram_load_start__ = ALIGN (__SRAM_segment_start__, 0x100)

.vectors_ram    0x0000000020000000        0x0
                0x0000000020000000                __vectors_ram_start__ = .
 *(.vectors_ram .vectors_ram.*)
                0x0000000020000000                __vectors_ram_end__ = (__vectors_ram_start__ + SIZEOF (.vectors_ram))
                0x0000000000000000                __vectors_ram_size__ = SIZEOF (.vectors_ram)
                0x0000000020000000                __vectors_ram_load_end__ = __vectors_ram_end__
                0x0000000000000001                . = ASSERT (((__vectors_ram_start__ == __vectors_ram_end__) || ((__vectors_ram_end__ - __SRAM_segment_start__) <= __SRAM_segment_size__)), error: .vectors_ram is too large to fit in SRAM memory segment)
                0x0000000000000000                __vectors_load_start__ = ALIGN (__FLASH_segment_start__, 0x100)

.vectors        0x0000000000000000       0xd8
                0x0000000000000000                __vectors_start__ = .
 *(.vectors .vectors.*)
 .vectors       0x0000000000000000       0xd8 Output/ss_twr_resp nrf52832_xxaa/Obj/ses_nrf52_startup.o
                0x0000000000000000                _vectors
                0x00000000000000d8                __vectors_end__ = (__vectors_start__ + SIZEOF (.vectors))
                0x00000000000000d8                __vectors_size__ = SIZEOF (.vectors)
                0x00000000000000d8                __vectors_load_end__ = __vectors_end__
                0x0000000000000001                . = ASSERT (((__vectors_start__ == __vectors_end__) || ((__vectors_end__ - __FLASH_segment_start__) <= __FLASH_segment_size__)), error: .vectors is too large to fit in FLASH memory segment)
                0x00000000000000d8                __init_load_start__ = ALIGN (__vectors_end__, 0x4)

.init           0x00000000000000d8      0x1d8
                0x00000000000000d8                __init_start__ = .
 *(.init .init.*)
 .init          0x00000000000000d8      0x16c Output/ss_twr_resp nrf52832_xxaa/Obj/thumb_crt0.o
                0x00000000000000d8                _start
                0x0000000000000194                exit
 .init          0x0000000000000244       0x6c Output/ss_twr_resp nrf52832_xxaa/Obj/ses_nrf52_startup.o
                0x0000000000000244                NMI_Handler
                0x0000000000000246                HardFault_Handler
                0x0000000000000248                MemoryManagement_Handler
                0x000000000000024a                BusFault_Handler
                0x000000000000024c                UsageFault_Handler
                0x0000000000000250                DebugMon_Handler
                0x0000000000000254                SysTick_Handler
                0x0000000000000258                RADIO_IRQHandler
                0x000000000000025c                SPIM0_SPIS0_TWIM0_TWIS0_SPI0_TWI0_IRQHandler
                0x0000000000000260                NFCT_IRQHandler
                0x0000000000000264                SAADC_IRQHandler
                0x0000000000000266                TIMER0_IRQHandler
                0x0000000000000268                TIMER1_IRQHandler
                0x000000000000026a                TIMER2_IRQHandler
                0x000000000000026c                RTC0_IRQHandler
                0x000000000000026e                TEMP_IRQHandler
                0x0000000000000270                RNG_IRQHandler
                0x0000000000000272                ECB_IRQHandler
                0x0000000000000274                CCM_AAR_IRQHandler
                0x0000000000000276                WDT_IRQHandler
                0x000000000000027a                QDEC_IRQHandler
                0x000000000000027c                COMP_LPCOMP_IRQHandler
                0x000000000000027e                SWI0_EGU0_IRQHandler
                0x0000000000000280                SWI1_EGU1_IRQHandler
                0x0000000000000282                SWI2_EGU2_IRQHandler
                0x0000000000000284                SWI3_EGU3_IRQHandler
                0x0000000000000286                SWI4_EGU4_IRQHandler
                0x0000000000000288                SWI5_EGU5_IRQHandler
                0x000000000000028a                TIMER3_IRQHandler
                0x000000000000028c                TIMER4_IRQHandler
                0x000000000000028e                PWM0_IRQHandler
                0x0000000000000290                PDM_IRQHandler
                0x0000000000000292                MWU_IRQHandler
                0x0000000000000294                PWM1_IRQHandler
                0x0000000000000296                PWM2_IRQHandler
                0x0000000000000298                SPIM2_SPIS2_SPI2_IRQHandler
                0x000000000000029a                RTC2_IRQHandler
                0x000000000000029c                I2S_IRQHandler
                0x000000000000029e                reset_handler
                0x00000000000002b0                __init_end__ = (__init_start__ + SIZEOF (.init))
                0x00000000000001d8                __init_size__ = SIZEOF (.init)
                0x00000000000002b0                __init_load_end__ = __init_end__
                0x0000000000000001                . = ASSERT (((__init_start__ == __init_end__) || ((__init_end__ - __FLASH_segment_start__) <= __FLASH_segment_size__)), error: .init is too large to fit in FLASH memory segment)
                0x00000000000002b0                __init_rodata_load_start__ = ALIGN (__init_end__, 0x4)

.init_rodata    0x00000000000002b0        0x0
                0x00000000000002b0                __init_rodata_start__ = .
 *(.init_rodata .init_rodata.*)
                0x00000000000002b0                __init_rodata_end__ = (__init_rodata_start__ + SIZEOF (.init_rodata))
                0x0000000000000000                __init_rodata_size__ = SIZEOF (.init_rodata)
                0x00000000000002b0                __init_rodata_load_end__ = __init_rodata_end__
                0x0000000000000001                . = ASSERT (((__init_rodata_start__ == __init_rodata_end__) || ((__init_rodata_end__ - __FLASH_segment_start__) <= __FLASH_segment_size__)), error: .init_rodata is too large to fit in FLASH memory segment)
                0x00000000000002b0                __text_load_start__ = ALIGN (__init_rodata_end__, 0x4)

.text           0x00000000000002b0     0x5526
                0x00000000000002b0                __text_start__ = .
 *(.text .text.* .glue_7t .glue_7 .gnu.linkonce.t.* .gcc_except_table .ARM.extab* .gnu.linkonce.armextab.*)
 .glue_7        0x00000000000002b0        0x0 linker stubs
 .glue_7t       0x00000000000002b0        0x0 linker stubs
 .text.__NVIC_SystemReset
                0x00000000000002b0       0x24 Output/ss_twr_resp nrf52832_xxaa/Obj/system_nrf52.o
 .text.SystemCoreClockUpdate
                0x00000000000002d4       0x14 Output/ss_twr_resp nrf52832_xxaa/Obj/system_nrf52.o
                0x00000000000002d4                SystemCoreClockUpdate
 .text.SystemInit
                0x00000000000002e8      0x2bc Output/ss_twr_resp nrf52832_xxaa/Obj/system_nrf52.o
                0x00000000000002e8                SystemInit
 .text.errata_12
                0x00000000000005a4       0x58 Output/ss_twr_resp nrf52832_xxaa/Obj/system_nrf52.o
 .text.errata_16
                0x00000000000005fc       0x38 Output/ss_twr_resp nrf52832_xxaa/Obj/system_nrf52.o
 .text.errata_31
                0x0000000000000634       0x58 Output/ss_twr_resp nrf52832_xxaa/Obj/system_nrf52.o
 .text.errata_32
                0x000000000000068c       0x38 Output/ss_twr_resp nrf52832_xxaa/Obj/system_nrf52.o
 .text.errata_36
                0x00000000000006c4       0x58 Output/ss_twr_resp nrf52832_xxaa/Obj/system_nrf52.o
 .text.errata_37
                0x000000000000071c       0x38 Output/ss_twr_resp nrf52832_xxaa/Obj/system_nrf52.o
 .text.errata_57
                0x0000000000000754       0x38 Output/ss_twr_resp nrf52832_xxaa/Obj/system_nrf52.o
 .text.errata_66
                0x000000000000078c       0x38 Output/ss_twr_resp nrf52832_xxaa/Obj/system_nrf52.o
 .text.errata_108
                0x00000000000007c4       0x58 Output/ss_twr_resp nrf52832_xxaa/Obj/system_nrf52.o
 .text.errata_136
                0x000000000000081c       0x58 Output/ss_twr_resp nrf52832_xxaa/Obj/system_nrf52.o
 .text.nrf_gpio_pin_port_decode
                0x0000000000000874        0xe Output/ss_twr_resp nrf52832_xxaa/Obj/main.o
 .text.nrf_gpio_cfg
                0x0000000000000882       0x62 Output/ss_twr_resp nrf52832_xxaa/Obj/main.o
 .text.nrf_gpio_cfg_output
                0x00000000000008e4       0x22 Output/ss_twr_resp nrf52832_xxaa/Obj/main.o
 .text.nrf_gpio_cfg_input
                0x0000000000000906       0x2c Output/ss_twr_resp nrf52832_xxaa/Obj/main.o
 .text.led_toggle_task_function
                0x0000000000000932       0x36 Output/ss_twr_resp nrf52832_xxaa/Obj/main.o
 .text.led_toggle_timer_callback
                0x0000000000000968       0x32 Output/ss_twr_resp nrf52832_xxaa/Obj/main.o
 *fill*         0x000000000000099a        0x2 
 .text.main     0x000000000000099c      0x11c Output/ss_twr_resp nrf52832_xxaa/Obj/main.o
                0x000000000000099c                main
 .text.ss_resp_run
                0x0000000000000ab8      0x1b4 Output/ss_twr_resp nrf52832_xxaa/Obj/ss_resp_main.o
                0x0000000000000ab8                ss_resp_run
 .text.get_rx_timestamp_u64
                0x0000000000000c6c       0x6c Output/ss_twr_resp nrf52832_xxaa/Obj/ss_resp_main.o
 .text.resp_msg_set_ts
                0x0000000000000cd8       0x52 Output/ss_twr_resp nrf52832_xxaa/Obj/ss_resp_main.o
 .text.ss_responder_task_function
                0x0000000000000d2a       0x18 Output/ss_twr_resp nrf52832_xxaa/Obj/ss_resp_main.o
                0x0000000000000d2a                ss_responder_task_function
 *fill*         0x0000000000000d42        0x2 
 .text.__NVIC_EnableIRQ
                0x0000000000000d44       0x34 Output/ss_twr_resp nrf52832_xxaa/Obj/nrf_drv_common.o
 .text.__NVIC_ClearPendingIRQ
                0x0000000000000d78       0x38 Output/ss_twr_resp nrf52832_xxaa/Obj/nrf_drv_common.o
 .text.__NVIC_SetPriority
                0x0000000000000db0       0x50 Output/ss_twr_resp nrf52832_xxaa/Obj/nrf_drv_common.o
 .text.nrf_drv_common_irq_enable
                0x0000000000000e00       0x3e Output/ss_twr_resp nrf52832_xxaa/Obj/nrf_drv_common.o
                0x0000000000000e00                nrf_drv_common_irq_enable
 .text.nrf_gpiote_event_is_set
                0x0000000000000e3e       0x2a Output/ss_twr_resp nrf52832_xxaa/Obj/nrf_drv_gpiote.o
 .text.nrf_gpiote_event_clear
                0x0000000000000e68       0x36 Output/ss_twr_resp nrf52832_xxaa/Obj/nrf_drv_gpiote.o
 .text.nrf_gpiote_event_addr_get
                0x0000000000000e9e       0x1a Output/ss_twr_resp nrf52832_xxaa/Obj/nrf_drv_gpiote.o
 .text.nrf_gpiote_int_is_enabled
                0x0000000000000eb8       0x18 Output/ss_twr_resp nrf52832_xxaa/Obj/nrf_drv_gpiote.o
 .text.nrf_gpiote_event_pin_get
                0x0000000000000ed0       0x20 Output/ss_twr_resp nrf52832_xxaa/Obj/nrf_drv_gpiote.o
 .text.nrf_gpiote_event_polarity_get
                0x0000000000000ef0       0x24 Output/ss_twr_resp nrf52832_xxaa/Obj/nrf_drv_gpiote.o
 .text.nrf_gpio_pin_port_decode
                0x0000000000000f14        0xe Output/ss_twr_resp nrf52832_xxaa/Obj/nrf_drv_gpiote.o
 .text.nrf_gpio_cfg_sense_set
                0x0000000000000f22       0x5c Output/ss_twr_resp nrf52832_xxaa/Obj/nrf_drv_gpiote.o
 .text.nrf_gpio_pin_sense_get
                0x0000000000000f7e       0x2c Output/ss_twr_resp nrf52832_xxaa/Obj/nrf_drv_gpiote.o
 .text.nrf_gpio_port_in_read
                0x0000000000000faa       0x10 Output/ss_twr_resp nrf52832_xxaa/Obj/nrf_drv_gpiote.o
 .text.nrf_gpio_ports_read
                0x0000000000000fba       0x4e Output/ss_twr_resp nrf52832_xxaa/Obj/nrf_drv_gpiote.o
 .text.nrf_bitmask_bit_is_set
                0x0000000000001008       0x30 Output/ss_twr_resp nrf52832_xxaa/Obj/nrf_drv_gpiote.o
 .text.nrf_bitmask_bit_set
                0x0000000000001038       0x40 Output/ss_twr_resp nrf52832_xxaa/Obj/nrf_drv_gpiote.o
 .text.channel_port_get
                0x0000000000001078       0x1c Output/ss_twr_resp nrf52832_xxaa/Obj/nrf_drv_gpiote.o
 .text.channel_handler_get
                0x0000000000001094       0x18 Output/ss_twr_resp nrf52832_xxaa/Obj/nrf_drv_gpiote.o
 .text.GPIOTE_IRQHandler
                0x00000000000010ac      0x2e0 Output/ss_twr_resp nrf52832_xxaa/Obj/nrf_drv_gpiote.o
                0x00000000000010ac                GPIOTE_IRQHandler
 .text.__NVIC_DisableIRQ
                0x000000000000138c       0x40 Output/ss_twr_resp nrf52832_xxaa/Obj/nrf_drv_spi.o
 .text.nrf_spi_event_clear
                0x00000000000013cc       0x2a Output/ss_twr_resp nrf52832_xxaa/Obj/nrf_drv_spi.o
 .text.nrf_spi_event_check
                0x00000000000013f6       0x24 Output/ss_twr_resp nrf52832_xxaa/Obj/nrf_drv_spi.o
 .text.nrf_spi_int_enable
                0x000000000000141a       0x14 Output/ss_twr_resp nrf52832_xxaa/Obj/nrf_drv_spi.o
 .text.nrf_spi_int_disable
                0x000000000000142e       0x14 Output/ss_twr_resp nrf52832_xxaa/Obj/nrf_drv_spi.o
 .text.nrf_spi_enable
                0x0000000000001442       0x12 Output/ss_twr_resp nrf52832_xxaa/Obj/nrf_drv_spi.o
 .text.nrf_spi_disable
                0x0000000000001454       0x12 Output/ss_twr_resp nrf52832_xxaa/Obj/nrf_drv_spi.o
 .text.nrf_spi_pins_set
                0x0000000000001466       0x28 Output/ss_twr_resp nrf52832_xxaa/Obj/nrf_drv_spi.o
 .text.nrf_spi_txd_set
                0x000000000000148e       0x1a Output/ss_twr_resp nrf52832_xxaa/Obj/nrf_drv_spi.o
 .text.nrf_spi_rxd_get
                0x00000000000014a8       0x12 Output/ss_twr_resp nrf52832_xxaa/Obj/nrf_drv_spi.o
 .text.nrf_spi_frequency_set
                0x00000000000014ba       0x14 Output/ss_twr_resp nrf52832_xxaa/Obj/nrf_drv_spi.o
 .text.nrf_spi_configure
                0x00000000000014ce       0x5e Output/ss_twr_resp nrf52832_xxaa/Obj/nrf_drv_spi.o
 .text.nrf_drv_common_irq_disable
                0x000000000000152c       0x1c Output/ss_twr_resp nrf52832_xxaa/Obj/nrf_drv_spi.o
 .text.nrf_gpio_pin_port_decode
                0x0000000000001548        0xe Output/ss_twr_resp nrf52832_xxaa/Obj/nrf_drv_spi.o
 .text.nrf_gpio_cfg
                0x0000000000001556       0x62 Output/ss_twr_resp nrf52832_xxaa/Obj/nrf_drv_spi.o
 .text.nrf_gpio_cfg_output
                0x00000000000015b8       0x22 Output/ss_twr_resp nrf52832_xxaa/Obj/nrf_drv_spi.o
 .text.nrf_gpio_cfg_input
                0x00000000000015da       0x2c Output/ss_twr_resp nrf52832_xxaa/Obj/nrf_drv_spi.o
 .text.nrf_gpio_pin_set
                0x0000000000001606       0x28 Output/ss_twr_resp nrf52832_xxaa/Obj/nrf_drv_spi.o
 .text.nrf_gpio_pin_clear
                0x000000000000162e       0x28 Output/ss_twr_resp nrf52832_xxaa/Obj/nrf_drv_spi.o
 .text.nrf_gpio_port_out_set
                0x0000000000001656       0x14 Output/ss_twr_resp nrf52832_xxaa/Obj/nrf_drv_spi.o
 .text.nrf_gpio_port_out_clear
                0x000000000000166a       0x14 Output/ss_twr_resp nrf52832_xxaa/Obj/nrf_drv_spi.o
 *fill*         0x000000000000167e        0x2 
 .text.nrf_drv_spi_init
                0x0000000000001680      0x188 Output/ss_twr_resp nrf52832_xxaa/Obj/nrf_drv_spi.o
                0x0000000000001680                nrf_drv_spi_init
 .text.nrf_drv_spi_uninit
                0x0000000000001808       0x60 Output/ss_twr_resp nrf52832_xxaa/Obj/nrf_drv_spi.o
                0x0000000000001808                nrf_drv_spi_uninit
 .text.nrf_drv_spi_transfer
                0x0000000000001868       0x3e Output/ss_twr_resp nrf52832_xxaa/Obj/nrf_drv_spi.o
                0x0000000000001868                nrf_drv_spi_transfer
 .text.finish_transfer
                0x00000000000018a6       0x3e Output/ss_twr_resp nrf52832_xxaa/Obj/nrf_drv_spi.o
 .text.transfer_byte
                0x00000000000018e4      0x108 Output/ss_twr_resp nrf52832_xxaa/Obj/nrf_drv_spi.o
 .text.spi_xfer
                0x00000000000019ec       0xca Output/ss_twr_resp nrf52832_xxaa/Obj/nrf_drv_spi.o
 *fill*         0x0000000000001ab6        0x2 
 .text.nrf_drv_spi_xfer
                0x0000000000001ab8       0xc4 Output/ss_twr_resp nrf52832_xxaa/Obj/nrf_drv_spi.o
                0x0000000000001ab8                nrf_drv_spi_xfer
 .text.irq_handler_spi
                0x0000000000001b7c       0x34 Output/ss_twr_resp nrf52832_xxaa/Obj/nrf_drv_spi.o
 .text.SPIM1_SPIS1_TWIM1_TWIS1_SPI1_TWI1_IRQHandler
                0x0000000000001bb0       0x20 Output/ss_twr_resp nrf52832_xxaa/Obj/nrf_drv_spi.o
                0x0000000000001bb0                SPIM1_SPIS1_TWIM1_TWIS1_SPI1_TWI1_IRQHandler
 .text.nrf_uart_event_clear
                0x0000000000001bd0       0x2a Output/ss_twr_resp nrf52832_xxaa/Obj/nrf_drv_uart.o
 .text.nrf_uart_event_check
                0x0000000000001bfa       0x24 Output/ss_twr_resp nrf52832_xxaa/Obj/nrf_drv_uart.o
 .text.nrf_uart_int_enable_check
                0x0000000000001c1e       0x20 Output/ss_twr_resp nrf52832_xxaa/Obj/nrf_drv_uart.o
 .text.nrf_uart_int_disable
                0x0000000000001c3e       0x14 Output/ss_twr_resp nrf52832_xxaa/Obj/nrf_drv_uart.o
 .text.nrf_uart_errorsrc_get_and_clear
                0x0000000000001c52       0x1c Output/ss_twr_resp nrf52832_xxaa/Obj/nrf_drv_uart.o
 .text.nrf_uart_rxd_get
                0x0000000000001c6e       0x12 Output/ss_twr_resp nrf52832_xxaa/Obj/nrf_drv_uart.o
 .text.nrf_uart_txd_set
                0x0000000000001c80       0x1a Output/ss_twr_resp nrf52832_xxaa/Obj/nrf_drv_uart.o
 .text.nrf_uart_task_trigger
                0x0000000000001c9a       0x1c Output/ss_twr_resp nrf52832_xxaa/Obj/nrf_drv_uart.o
 .text.nrf_uarte_event_clear
                0x0000000000001cb6       0x2a Output/ss_twr_resp nrf52832_xxaa/Obj/nrf_drv_uart.o
 .text.nrf_uarte_event_check
                0x0000000000001ce0       0x24 Output/ss_twr_resp nrf52832_xxaa/Obj/nrf_drv_uart.o
 .text.nrf_uarte_shorts_disable
                0x0000000000001d04       0x1e Output/ss_twr_resp nrf52832_xxaa/Obj/nrf_drv_uart.o
 .text.nrf_uarte_errorsrc_get_and_clear
                0x0000000000001d22       0x1c Output/ss_twr_resp nrf52832_xxaa/Obj/nrf_drv_uart.o
 .text.nrf_uarte_tx_amount_get
                0x0000000000001d3e       0x10 Output/ss_twr_resp nrf52832_xxaa/Obj/nrf_drv_uart.o
 .text.nrf_uarte_rx_amount_get
                0x0000000000001d4e       0x10 Output/ss_twr_resp nrf52832_xxaa/Obj/nrf_drv_uart.o
 .text.tx_byte  0x0000000000001d5e       0x46 Output/ss_twr_resp nrf52832_xxaa/Obj/nrf_drv_uart.o
 .text.rx_byte  0x0000000000001da4       0x54 Output/ss_twr_resp nrf52832_xxaa/Obj/nrf_drv_uart.o
 .text.rx_done_event
                0x0000000000001df8       0x36 Output/ss_twr_resp nrf52832_xxaa/Obj/nrf_drv_uart.o
 .text.tx_done_event
                0x0000000000001e2e       0x3c Output/ss_twr_resp nrf52832_xxaa/Obj/nrf_drv_uart.o
 .text.uart_irq_handler
                0x0000000000001e6a      0x1d4 Output/ss_twr_resp nrf52832_xxaa/Obj/nrf_drv_uart.o
 .text.uarte_irq_handler
                0x000000000000203e      0x160 Output/ss_twr_resp nrf52832_xxaa/Obj/nrf_drv_uart.o
 *fill*         0x000000000000219e        0x2 
 .text.UARTE0_UART0_IRQHandler
                0x00000000000021a0       0x28 Output/ss_twr_resp nrf52832_xxaa/Obj/nrf_drv_uart.o
                0x00000000000021a0                UARTE0_UART0_IRQHandler
 .text.nrf_clock_int_enable
                0x00000000000021c8       0x14 Output/ss_twr_resp nrf52832_xxaa/Obj/nrf_drv_clock.o
 .text.nrf_clock_int_disable
                0x00000000000021dc       0x14 Output/ss_twr_resp nrf52832_xxaa/Obj/nrf_drv_clock.o
 .text.nrf_clock_task_trigger
                0x00000000000021f0       0x1a Output/ss_twr_resp nrf52832_xxaa/Obj/nrf_drv_clock.o
 .text.nrf_clock_event_clear
                0x000000000000220a       0x28 Output/ss_twr_resp nrf52832_xxaa/Obj/nrf_drv_clock.o
 .text.nrf_clock_event_check
                0x0000000000002232       0x22 Output/ss_twr_resp nrf52832_xxaa/Obj/nrf_drv_clock.o
 .text.lfclk_start
                0x0000000000002254       0x1a Output/ss_twr_resp nrf52832_xxaa/Obj/nrf_drv_clock.o
 .text.item_enqueue
                0x000000000000226e       0x38 Output/ss_twr_resp nrf52832_xxaa/Obj/nrf_drv_clock.o
 .text.item_dequeue
                0x00000000000022a6       0x20 Output/ss_twr_resp nrf52832_xxaa/Obj/nrf_drv_clock.o
 *fill*         0x00000000000022c6        0x2 
 .text.nrf_drv_clock_lfclk_request
                0x00000000000022c8       0x78 Output/ss_twr_resp nrf52832_xxaa/Obj/nrf_drv_clock.o
                0x00000000000022c8                nrf_drv_clock_lfclk_request
 .text.clock_clk_started_notify
                0x0000000000002340       0x4c Output/ss_twr_resp nrf52832_xxaa/Obj/nrf_drv_clock.o
 .text.POWER_CLOCK_IRQHandler
                0x000000000000238c       0x5c Output/ss_twr_resp nrf52832_xxaa/Obj/nrf_drv_clock.o
                0x000000000000238c                POWER_CLOCK_IRQHandler
 .text.app_error_handler_bare
                0x00000000000023e8       0x2a Output/ss_twr_resp nrf52832_xxaa/Obj/app_error.o
                0x00000000000023e8                app_error_handler_bare
 *fill*         0x0000000000002412        0x2 
 .text.__NVIC_SystemReset
                0x0000000000002414       0x24 Output/ss_twr_resp nrf52832_xxaa/Obj/app_error_weak.o
 .text.app_error_fault_handler
                0x0000000000002438       0x20 Output/ss_twr_resp nrf52832_xxaa/Obj/app_error_weak.o
                0x0000000000002438                app_error_fault_handler
 .text.app_util_disable_irq
                0x0000000000002458       0x14 Output/ss_twr_resp nrf52832_xxaa/Obj/app_util_platform.o
                0x0000000000002458                app_util_disable_irq
 .text.app_util_enable_irq
                0x000000000000246c       0x1c Output/ss_twr_resp nrf52832_xxaa/Obj/app_util_platform.o
                0x000000000000246c                app_util_enable_irq
 .text.app_util_critical_region_enter
                0x0000000000002488       0x12 Output/ss_twr_resp nrf52832_xxaa/Obj/app_util_platform.o
                0x0000000000002488                app_util_critical_region_enter
 .text.app_util_critical_region_exit
                0x000000000000249a       0x16 Output/ss_twr_resp nrf52832_xxaa/Obj/app_util_platform.o
                0x000000000000249a                app_util_critical_region_exit
 .text.dwt_initialise
                0x00000000000024b0      0x184 Output/ss_twr_resp nrf52832_xxaa/Obj/deca_device.o
                0x00000000000024b0                dwt_initialise
 .text.dwt_readdevid
                0x0000000000002634       0x10 Output/ss_twr_resp nrf52832_xxaa/Obj/deca_device.o
                0x0000000000002634                dwt_readdevid
 .text.dwt_configure
                0x0000000000002644      0x304 Output/ss_twr_resp nrf52832_xxaa/Obj/deca_device.o
                0x0000000000002644                dwt_configure
 .text.dwt_setrxantennadelay
                0x0000000000002948       0x22 Output/ss_twr_resp nrf52832_xxaa/Obj/deca_device.o
                0x0000000000002948                dwt_setrxantennadelay
 .text.dwt_settxantennadelay
                0x000000000000296a       0x20 Output/ss_twr_resp nrf52832_xxaa/Obj/deca_device.o
                0x000000000000296a                dwt_settxantennadelay
 .text.dwt_writetxdata
                0x000000000000298a       0x46 Output/ss_twr_resp nrf52832_xxaa/Obj/deca_device.o
                0x000000000000298a                dwt_writetxdata
 .text.dwt_writetxfctrl
                0x00000000000029d0       0x44 Output/ss_twr_resp nrf52832_xxaa/Obj/deca_device.o
                0x00000000000029d0                dwt_writetxfctrl
 .text.dwt_readrxdata
                0x0000000000002a14       0x2a Output/ss_twr_resp nrf52832_xxaa/Obj/deca_device.o
                0x0000000000002a14                dwt_readrxdata
 .text.dwt_readrxtimestamp
                0x0000000000002a3e       0x1a Output/ss_twr_resp nrf52832_xxaa/Obj/deca_device.o
                0x0000000000002a3e                dwt_readrxtimestamp
 .text.dwt_writetodevice
                0x0000000000002a58       0xbc Output/ss_twr_resp nrf52832_xxaa/Obj/deca_device.o
                0x0000000000002a58                dwt_writetodevice
 .text.dwt_readfromdevice
                0x0000000000002b14       0xb6 Output/ss_twr_resp nrf52832_xxaa/Obj/deca_device.o
                0x0000000000002b14                dwt_readfromdevice
 .text.dwt_read32bitoffsetreg
                0x0000000000002bca       0x48 Output/ss_twr_resp nrf52832_xxaa/Obj/deca_device.o
                0x0000000000002bca                dwt_read32bitoffsetreg
 .text.dwt_read16bitoffsetreg
                0x0000000000002c12       0x40 Output/ss_twr_resp nrf52832_xxaa/Obj/deca_device.o
                0x0000000000002c12                dwt_read16bitoffsetreg
 .text.dwt_read8bitoffsetreg
                0x0000000000002c52       0x26 Output/ss_twr_resp nrf52832_xxaa/Obj/deca_device.o
                0x0000000000002c52                dwt_read8bitoffsetreg
 .text.dwt_write8bitoffsetreg
                0x0000000000002c78       0x28 Output/ss_twr_resp nrf52832_xxaa/Obj/deca_device.o
                0x0000000000002c78                dwt_write8bitoffsetreg
 .text.dwt_write16bitoffsetreg
                0x0000000000002ca0       0x3e Output/ss_twr_resp nrf52832_xxaa/Obj/deca_device.o
                0x0000000000002ca0                dwt_write16bitoffsetreg
 .text.dwt_write32bitoffsetreg
                0x0000000000002cde       0x48 Output/ss_twr_resp nrf52832_xxaa/Obj/deca_device.o
                0x0000000000002cde                dwt_write32bitoffsetreg
 .text._dwt_otpread
                0x0000000000002d26       0x3c Output/ss_twr_resp nrf52832_xxaa/Obj/deca_device.o
                0x0000000000002d26                _dwt_otpread
 .text._dwt_aonarrayupload
                0x0000000000002d62       0x1a Output/ss_twr_resp nrf52832_xxaa/Obj/deca_device.o
                0x0000000000002d62                _dwt_aonarrayupload
 .text._dwt_configlde
                0x0000000000002d7c       0x3e Output/ss_twr_resp nrf52832_xxaa/Obj/deca_device.o
                0x0000000000002d7c                _dwt_configlde
 .text._dwt_loaducodefromrom
                0x0000000000002dba       0x24 Output/ss_twr_resp nrf52832_xxaa/Obj/deca_device.o
                0x0000000000002dba                _dwt_loaducodefromrom
 .text.dwt_setleds
                0x0000000000002dde       0xbe Output/ss_twr_resp nrf52832_xxaa/Obj/deca_device.o
                0x0000000000002dde                dwt_setleds
 .text._dwt_enableclocks
                0x0000000000002e9c      0x158 Output/ss_twr_resp nrf52832_xxaa/Obj/deca_device.o
                0x0000000000002e9c                _dwt_enableclocks
 .text._dwt_disablesequencing
                0x0000000000002ff4       0x16 Output/ss_twr_resp nrf52832_xxaa/Obj/deca_device.o
                0x0000000000002ff4                _dwt_disablesequencing
 .text.dwt_setdelayedtrxtime
                0x000000000000300a       0x18 Output/ss_twr_resp nrf52832_xxaa/Obj/deca_device.o
                0x000000000000300a                dwt_setdelayedtrxtime
 *fill*         0x0000000000003022        0x2 
 .text.dwt_starttx
                0x0000000000003024       0xd4 Output/ss_twr_resp nrf52832_xxaa/Obj/deca_device.o
                0x0000000000003024                dwt_starttx
 .text.dwt_forcetrxoff
                0x00000000000030f8       0x60 Output/ss_twr_resp nrf52832_xxaa/Obj/deca_device.o
                0x00000000000030f8                dwt_forcetrxoff
 .text.dwt_syncrxbufptrs
                0x0000000000003158       0x38 Output/ss_twr_resp nrf52832_xxaa/Obj/deca_device.o
                0x0000000000003158                dwt_syncrxbufptrs
 .text.dwt_rxenable
                0x0000000000003190       0x8e Output/ss_twr_resp nrf52832_xxaa/Obj/deca_device.o
                0x0000000000003190                dwt_rxenable
 *fill*         0x000000000000321e        0x2 
 .text.dwt_setrxtimeout
                0x0000000000003220       0x90 Output/ss_twr_resp nrf52832_xxaa/Obj/deca_device.o
                0x0000000000003220                dwt_setrxtimeout
 .text.dwt_rxreset
                0x00000000000032b0       0x1a Output/ss_twr_resp nrf52832_xxaa/Obj/deca_device.o
                0x00000000000032b0                dwt_rxreset
 *fill*         0x00000000000032ca        0x2 
 .text.dwt_softreset
                0x00000000000032cc       0x48 Output/ss_twr_resp nrf52832_xxaa/Obj/deca_device.o
                0x00000000000032cc                dwt_softreset
 .text.dwt_setxtaltrim
                0x0000000000003314       0x34 Output/ss_twr_resp nrf52832_xxaa/Obj/deca_device.o
                0x0000000000003314                dwt_setxtaltrim
 .text.nrf_gpio_pin_port_decode
                0x0000000000003348        0xe Output/ss_twr_resp nrf52832_xxaa/Obj/port_platform.o
 .text.nrf_gpio_cfg
                0x0000000000003356       0x62 Output/ss_twr_resp nrf52832_xxaa/Obj/port_platform.o
 .text.nrf_gpio_cfg_output
                0x00000000000033b8       0x22 Output/ss_twr_resp nrf52832_xxaa/Obj/port_platform.o
 .text.nrf_gpio_cfg_input
                0x00000000000033da       0x2c Output/ss_twr_resp nrf52832_xxaa/Obj/port_platform.o
 .text.nrf_gpio_pin_clear
                0x0000000000003406       0x28 Output/ss_twr_resp nrf52832_xxaa/Obj/port_platform.o
 .text.nrf_gpio_port_out_clear
                0x000000000000342e       0x14 Output/ss_twr_resp nrf52832_xxaa/Obj/port_platform.o
 *fill*         0x0000000000003442        0x2 
 .text.nrf_delay_us
                0x0000000000003444       0xa0 Output/ss_twr_resp nrf52832_xxaa/Obj/port_platform.o
 .text.nrf_delay_ms
                0x00000000000034e4       0x1e Output/ss_twr_resp nrf52832_xxaa/Obj/port_platform.o
 *fill*         0x0000000000003502        0x2 
 .text.spi_event_handler
                0x0000000000003504       0x18 Output/ss_twr_resp nrf52832_xxaa/Obj/port_platform.o
                0x0000000000003504                spi_event_handler
 .text.readfromspi
                0x000000000000351c      0x138 Output/ss_twr_resp nrf52832_xxaa/Obj/port_platform.o
                0x000000000000351c                readfromspi
 .text.writetospi
                0x0000000000003654      0x124 Output/ss_twr_resp nrf52832_xxaa/Obj/port_platform.o
                0x0000000000003654                writetospi
 .text.reset_DW1000
                0x0000000000003778       0x26 Output/ss_twr_resp nrf52832_xxaa/Obj/port_platform.o
                0x0000000000003778                reset_DW1000
 *fill*         0x000000000000379e        0x2 
 .text.port_set_dw1000_slowrate
                0x00000000000037a0       0x48 Output/ss_twr_resp nrf52832_xxaa/Obj/port_platform.o
                0x00000000000037a0                port_set_dw1000_slowrate
 .text.port_set_dw1000_fastrate
                0x00000000000037e8       0x4c Output/ss_twr_resp nrf52832_xxaa/Obj/port_platform.o
                0x00000000000037e8                port_set_dw1000_fastrate
 .text.deca_sleep
                0x0000000000003834       0x14 Output/ss_twr_resp nrf52832_xxaa/Obj/port_platform.o
                0x0000000000003834                deca_sleep
 .text.decamutexon
                0x0000000000003848        0x6 Output/ss_twr_resp nrf52832_xxaa/Obj/port_platform.o
                0x0000000000003848                decamutexon
 .text.decamutexoff
                0x000000000000384e        0xa Output/ss_twr_resp nrf52832_xxaa/Obj/port_platform.o
                0x000000000000384e                decamutexoff
 .text.vListInitialise
                0x0000000000003858       0x36 Output/ss_twr_resp nrf52832_xxaa/Obj/list.o
                0x0000000000003858                vListInitialise
 .text.vListInitialiseItem
                0x000000000000388e       0x10 Output/ss_twr_resp nrf52832_xxaa/Obj/list.o
                0x000000000000388e                vListInitialiseItem
 .text.vListInsertEnd
                0x000000000000389e       0x3e Output/ss_twr_resp nrf52832_xxaa/Obj/list.o
                0x000000000000389e                vListInsertEnd
 .text.vListInsert
                0x00000000000038dc       0x68 Output/ss_twr_resp nrf52832_xxaa/Obj/list.o
                0x00000000000038dc                vListInsert
 .text.uxListRemove
                0x0000000000003944       0x4a Output/ss_twr_resp nrf52832_xxaa/Obj/list.o
                0x0000000000003944                uxListRemove
 .text.ulPortRaiseBASEPRI
                0x000000000000398e       0x1e Output/ss_twr_resp nrf52832_xxaa/Obj/queue.o
 .text.xQueueGenericReset
                0x00000000000039ac       0xb4 Output/ss_twr_resp nrf52832_xxaa/Obj/queue.o
                0x00000000000039ac                xQueueGenericReset
 .text.xQueueGenericCreate
                0x0000000000003a60       0x7a Output/ss_twr_resp nrf52832_xxaa/Obj/queue.o
                0x0000000000003a60                xQueueGenericCreate
 *fill*         0x0000000000003ada        0x2 
 .text.xQueueGenericSend
                0x0000000000003adc      0x148 Output/ss_twr_resp nrf52832_xxaa/Obj/queue.o
                0x0000000000003adc                xQueueGenericSend
 .text.xQueueGenericSendFromISR
                0x0000000000003c24       0x8a Output/ss_twr_resp nrf52832_xxaa/Obj/queue.o
                0x0000000000003c24                xQueueGenericSendFromISR
 *fill*         0x0000000000003cae        0x2 
 .text.xQueueGenericReceive
                0x0000000000003cb0      0x194 Output/ss_twr_resp nrf52832_xxaa/Obj/queue.o
                0x0000000000003cb0                xQueueGenericReceive
 .text.prvCopyDataToQueue
                0x0000000000003e44       0xd4 Output/ss_twr_resp nrf52832_xxaa/Obj/queue.o
 .text.prvCopyDataFromQueue
                0x0000000000003f18       0x4a Output/ss_twr_resp nrf52832_xxaa/Obj/queue.o
 .text.prvUnlockQueue
                0x0000000000003f62       0x96 Output/ss_twr_resp nrf52832_xxaa/Obj/queue.o
 .text.prvIsQueueEmpty
                0x0000000000003ff8       0x2a Output/ss_twr_resp nrf52832_xxaa/Obj/queue.o
 .text.prvIsQueueFull
                0x0000000000004022       0x2e Output/ss_twr_resp nrf52832_xxaa/Obj/queue.o
 .text.vQueueAddToRegistry
                0x0000000000004050       0x48 Output/ss_twr_resp nrf52832_xxaa/Obj/queue.o
                0x0000000000004050                vQueueAddToRegistry
 .text.vQueueWaitForMessageRestricted
                0x0000000000004098       0x56 Output/ss_twr_resp nrf52832_xxaa/Obj/queue.o
                0x0000000000004098                vQueueWaitForMessageRestricted
 *fill*         0x00000000000040ee        0x2 
 .text.xTaskGenericCreate
                0x00000000000040f0      0x150 Output/ss_twr_resp nrf52832_xxaa/Obj/tasks.o
                0x00000000000040f0                xTaskGenericCreate
 .text.vTaskDelay
                0x0000000000004240       0x64 Output/ss_twr_resp nrf52832_xxaa/Obj/tasks.o
                0x0000000000004240                vTaskDelay
 .text.vTaskStartScheduler
                0x00000000000042a4       0x6c Output/ss_twr_resp nrf52832_xxaa/Obj/tasks.o
                0x00000000000042a4                vTaskStartScheduler
 .text.vTaskSuspendAll
                0x0000000000004310       0x14 Output/ss_twr_resp nrf52832_xxaa/Obj/tasks.o
                0x0000000000004310                vTaskSuspendAll
 .text.xTaskResumeAll
                0x0000000000004324      0x10c Output/ss_twr_resp nrf52832_xxaa/Obj/tasks.o
                0x0000000000004324                xTaskResumeAll
 .text.xTaskGetTickCount
                0x0000000000004430       0x14 Output/ss_twr_resp nrf52832_xxaa/Obj/tasks.o
                0x0000000000004430                xTaskGetTickCount
 .text.xTaskIncrementTick
                0x0000000000004444      0x13c Output/ss_twr_resp nrf52832_xxaa/Obj/tasks.o
                0x0000000000004444                xTaskIncrementTick
 .text.vTaskSwitchContext
                0x0000000000004580       0x90 Output/ss_twr_resp nrf52832_xxaa/Obj/tasks.o
                0x0000000000004580                vTaskSwitchContext
 .text.vTaskPlaceOnEventList
                0x0000000000004610       0x60 Output/ss_twr_resp nrf52832_xxaa/Obj/tasks.o
                0x0000000000004610                vTaskPlaceOnEventList
 .text.vTaskPlaceOnEventListRestricted
                0x0000000000004670       0x44 Output/ss_twr_resp nrf52832_xxaa/Obj/tasks.o
                0x0000000000004670                vTaskPlaceOnEventListRestricted
 .text.xTaskRemoveFromEventList
                0x00000000000046b4       0xa8 Output/ss_twr_resp nrf52832_xxaa/Obj/tasks.o
                0x00000000000046b4                xTaskRemoveFromEventList
 .text.vTaskSetTimeOutState
                0x000000000000475c       0x24 Output/ss_twr_resp nrf52832_xxaa/Obj/tasks.o
                0x000000000000475c                vTaskSetTimeOutState
 .text.xTaskCheckForTimeOut
                0x0000000000004780       0x88 Output/ss_twr_resp nrf52832_xxaa/Obj/tasks.o
                0x0000000000004780                xTaskCheckForTimeOut
 .text.vTaskMissedYield
                0x0000000000004808       0x10 Output/ss_twr_resp nrf52832_xxaa/Obj/tasks.o
                0x0000000000004808                vTaskMissedYield
 .text.prvIdleTask
                0x0000000000004818       0x30 Output/ss_twr_resp nrf52832_xxaa/Obj/tasks.o
 .text.prvInitialiseTCBVariables
                0x0000000000004848       0xa6 Output/ss_twr_resp nrf52832_xxaa/Obj/tasks.o
 *fill*         0x00000000000048ee        0x2 
 .text.prvInitialiseTaskLists
                0x00000000000048f0       0x7c Output/ss_twr_resp nrf52832_xxaa/Obj/tasks.o
 .text.prvCheckTasksWaitingTermination
                0x000000000000496c       0x74 Output/ss_twr_resp nrf52832_xxaa/Obj/tasks.o
 .text.prvAddCurrentTaskToDelayedList
                0x00000000000049e0       0x6c Output/ss_twr_resp nrf52832_xxaa/Obj/tasks.o
 .text.prvAllocateTCBAndStack
                0x0000000000004a4c       0x70 Output/ss_twr_resp nrf52832_xxaa/Obj/tasks.o
 .text.prvDeleteTCB
                0x0000000000004abc       0x1e Output/ss_twr_resp nrf52832_xxaa/Obj/tasks.o
 *fill*         0x0000000000004ada        0x2 
 .text.prvResetNextTaskUnblockTime
                0x0000000000004adc       0x40 Output/ss_twr_resp nrf52832_xxaa/Obj/tasks.o
 .text.xTaskGetSchedulerState
                0x0000000000004b1c       0x34 Output/ss_twr_resp nrf52832_xxaa/Obj/tasks.o
                0x0000000000004b1c                xTaskGetSchedulerState
 .text.vTaskPriorityInherit
                0x0000000000004b50       0xbc Output/ss_twr_resp nrf52832_xxaa/Obj/tasks.o
                0x0000000000004b50                vTaskPriorityInherit
 .text.xTaskPriorityDisinherit
                0x0000000000004c0c       0x98 Output/ss_twr_resp nrf52832_xxaa/Obj/tasks.o
                0x0000000000004c0c                xTaskPriorityDisinherit
 .text.pvTaskIncrementMutexHeldCount
                0x0000000000004ca4       0x20 Output/ss_twr_resp nrf52832_xxaa/Obj/tasks.o
                0x0000000000004ca4                pvTaskIncrementMutexHeldCount
 .text.xTimerCreateTimerTask
                0x0000000000004cc4       0x4c Output/ss_twr_resp nrf52832_xxaa/Obj/timers.o
                0x0000000000004cc4                xTimerCreateTimerTask
 .text.xTimerCreate
                0x0000000000004d10       0x5c Output/ss_twr_resp nrf52832_xxaa/Obj/timers.o
                0x0000000000004d10                xTimerCreate
 .text.xTimerGenericCommand
                0x0000000000004d6c       0x78 Output/ss_twr_resp nrf52832_xxaa/Obj/timers.o
                0x0000000000004d6c                xTimerGenericCommand
 .text.prvProcessExpiredTimer
                0x0000000000004de4       0x64 Output/ss_twr_resp nrf52832_xxaa/Obj/timers.o
 .text.prvTimerTask
                0x0000000000004e48       0x20 Output/ss_twr_resp nrf52832_xxaa/Obj/timers.o
 .text.prvProcessTimerOrBlockTask
                0x0000000000004e68       0x7c Output/ss_twr_resp nrf52832_xxaa/Obj/timers.o
 .text.prvGetNextExpireTime
                0x0000000000004ee4       0x40 Output/ss_twr_resp nrf52832_xxaa/Obj/timers.o
 .text.prvSampleTimeNow
                0x0000000000004f24       0x3c Output/ss_twr_resp nrf52832_xxaa/Obj/timers.o
 .text.prvInsertTimerInActiveList
                0x0000000000004f60       0x84 Output/ss_twr_resp nrf52832_xxaa/Obj/timers.o
 .text.prvProcessReceivedCommands
                0x0000000000004fe4      0x104 Output/ss_twr_resp nrf52832_xxaa/Obj/timers.o
 .text.prvSwitchTimerLists
                0x00000000000050e8       0xa4 Output/ss_twr_resp nrf52832_xxaa/Obj/timers.o
 .text.prvCheckForValidListAndQueue
                0x000000000000518c       0x6c Output/ss_twr_resp nrf52832_xxaa/Obj/timers.o
 .text.pvPortMalloc
                0x00000000000051f8       0x88 Output/ss_twr_resp nrf52832_xxaa/Obj/heap_1.o
                0x00000000000051f8                pvPortMalloc
 .text.vPortFree
                0x0000000000005280        0xa Output/ss_twr_resp nrf52832_xxaa/Obj/heap_1.o
                0x0000000000005280                vPortFree
 *fill*         0x000000000000528a        0x2 
 .text.__NVIC_SetPriority
                0x000000000000528c       0x50 Output/ss_twr_resp nrf52832_xxaa/Obj/port_cmsis.o
 .text.pxPortInitialiseStack
                0x00000000000052dc       0x60 Output/ss_twr_resp nrf52832_xxaa/Obj/port_cmsis.o
                0x00000000000052dc                pxPortInitialiseStack
 .text.prvTaskExitError
                0x000000000000533c        0xe Output/ss_twr_resp nrf52832_xxaa/Obj/port_cmsis.o
 *fill*         0x000000000000534a        0x2 
 .text.xPortStartScheduler
                0x000000000000534c       0x4c Output/ss_twr_resp nrf52832_xxaa/Obj/port_cmsis.o
                0x000000000000534c                xPortStartScheduler
 .text.vPortEnterCritical
                0x0000000000005398       0x20 Output/ss_twr_resp nrf52832_xxaa/Obj/port_cmsis.o
                0x0000000000005398                vPortEnterCritical
 .text.vPortExitCritical
                0x00000000000053b8       0x28 Output/ss_twr_resp nrf52832_xxaa/Obj/port_cmsis.o
                0x00000000000053b8                vPortExitCritical
 .text.vPortEnableVFP
                0x00000000000053e0       0x18 Output/ss_twr_resp nrf52832_xxaa/Obj/port_cmsis.o
 .text.__NVIC_EnableIRQ
                0x00000000000053f8       0x34 Output/ss_twr_resp nrf52832_xxaa/Obj/port_cmsis_systick.o
 .text.__NVIC_SetPriority
                0x000000000000542c       0x50 Output/ss_twr_resp nrf52832_xxaa/Obj/port_cmsis_systick.o
 .text.ulPortRaiseBASEPRI
                0x000000000000547c       0x1e Output/ss_twr_resp nrf52832_xxaa/Obj/port_cmsis_systick.o
 .text.nrf_rtc_int_enable
                0x000000000000549a       0x14 Output/ss_twr_resp nrf52832_xxaa/Obj/port_cmsis_systick.o
 .text.nrf_rtc_event_clear
                0x00000000000054ae       0x2a Output/ss_twr_resp nrf52832_xxaa/Obj/port_cmsis_systick.o
 .text.nrf_rtc_counter_get
                0x00000000000054d8       0x10 Output/ss_twr_resp nrf52832_xxaa/Obj/port_cmsis_systick.o
 .text.nrf_rtc_prescaler_set
                0x00000000000054e8       0x14 Output/ss_twr_resp nrf52832_xxaa/Obj/port_cmsis_systick.o
 .text.nrf_rtc_task_trigger
                0x00000000000054fc       0x1e Output/ss_twr_resp nrf52832_xxaa/Obj/port_cmsis_systick.o
 .text.nrf_rtc_event_enable
                0x000000000000551a       0x14 Output/ss_twr_resp nrf52832_xxaa/Obj/port_cmsis_systick.o
 *fill*         0x000000000000552e        0x2 
 .text.RTC1_IRQHandler
                0x0000000000005530       0x88 Output/ss_twr_resp nrf52832_xxaa/Obj/port_cmsis_systick.o
                0x0000000000005530                RTC1_IRQHandler
 .text.vPortSetupTimerInterrupt
                0x00000000000055b8       0x48 Output/ss_twr_resp nrf52832_xxaa/Obj/port_cmsis_systick.o
                0x00000000000055b8                vPortSetupTimerInterrupt
 .text.vPortStartFirstTask
                0x0000000000005600       0x20 Output/ss_twr_resp nrf52832_xxaa/Obj/port.o
                0x0000000000005600                vPortStartFirstTask
 .text.SVC_Handler
                0x0000000000005620       0x24 Output/ss_twr_resp nrf52832_xxaa/Obj/port.o
                0x0000000000005620                SVC_Handler
 .text.PendSV_Handler
                0x0000000000005644       0x64 Output/ss_twr_resp nrf52832_xxaa/Obj/port.o
                0x0000000000005644                PendSV_Handler
 .text.libc.memcmp
                0x00000000000056a8       0x76 C:/Program Files/SEGGER/SEGGER Embedded Studio for ARM 4.16/lib/libc_v7em_fpv4_sp_d16_hard_t_le_eabi.a(libc2.o)
                0x00000000000056a8                memcmp
 .text.libc.memcpy
                0x000000000000571e       0x52 C:/Program Files/SEGGER/SEGGER Embedded Studio for ARM 4.16/lib/libc_v7em_fpv4_sp_d16_hard_t_le_eabi.a(libc2_asm.o)
                0x000000000000571e                __aeabi_memcpy
                0x000000000000571e                memcpy
                0x000000000000572a                __aeabi_memcpy8
                0x000000000000572a                __aeabi_memcpy4
 .text.libc.memset
                0x0000000000005770       0x66 C:/Program Files/SEGGER/SEGGER Embedded Studio for ARM 4.16/lib/libc_v7em_fpv4_sp_d16_hard_t_le_eabi.a(libc2_asm.o)
                0x0000000000005770                memset
                0x00000000000057d6                __text_end__ = (__text_start__ + SIZEOF (.text))
                0x0000000000005526                __text_size__ = SIZEOF (.text)
                0x00000000000057d6                __text_load_end__ = __text_end__

.vfp11_veneer   0x0000000100000000        0x0
 .vfp11_veneer  0x0000000100000000        0x0 linker stubs

.v4_bx          0x0000000100000000        0x0
 .v4_bx         0x0000000100000000        0x0 linker stubs

.iplt           0x0000000100000000        0x0
 .iplt          0x0000000100000000        0x0 Output/ss_twr_resp nrf52832_xxaa/Obj/thumb_crt0.o
                0x0000000000000001                . = ASSERT (((__text_start__ == __text_end__) || ((__text_end__ - __FLASH_segment_start__) <= __FLASH_segment_size__)), error: .text is too large to fit in FLASH memory segment)
                0x00000000000057d8                __dtors_load_start__ = ALIGN (__text_end__, 0x4)

.dtors          0x00000000000057d8        0x0
                0x00000000000057d8                __dtors_start__ = .
 *(SORT_BY_NAME(.dtors.*))
 *(.dtors)
 *(.fini_array)
 *(SORT_BY_NAME(.fini_array.*))
                0x00000000000057d8                __dtors_end__ = (__dtors_start__ + SIZEOF (.dtors))
                0x0000000000000000                __dtors_size__ = SIZEOF (.dtors)
                0x00000000000057d8                __dtors_load_end__ = __dtors_end__
                0x0000000000000001                . = ASSERT (((__dtors_start__ == __dtors_end__) || ((__dtors_end__ - __FLASH_segment_start__) <= __FLASH_segment_size__)), error: .dtors is too large to fit in FLASH memory segment)
                0x00000000000057d8                __ctors_load_start__ = ALIGN (__dtors_end__, 0x4)

.ctors          0x00000000000057d8        0x0
                0x00000000000057d8                __ctors_start__ = .
 *(SORT_BY_NAME(.ctors.*))
 *(.ctors)
 *(.init_array)
 *(SORT_BY_NAME(.init_array.*))
                0x00000000000057d8                __ctors_end__ = (__ctors_start__ + SIZEOF (.ctors))
                0x0000000000000000                __ctors_size__ = SIZEOF (.ctors)
                0x00000000000057d8                __ctors_load_end__ = __ctors_end__
                0x0000000000000001                . = ASSERT (((__ctors_start__ == __ctors_end__) || ((__ctors_end__ - __FLASH_segment_start__) <= __FLASH_segment_size__)), error: .ctors is too large to fit in FLASH memory segment)
                0x00000000000057d8                __rodata_load_start__ = ALIGN (__ctors_end__, 0x4)

.rodata         0x00000000000057d8      0x10d
                0x00000000000057d8                __rodata_start__ = .
 *(.rodata .rodata.* .gnu.linkonce.r.*)
 .rodata        0x00000000000057d8       0x1b Output/ss_twr_resp nrf52832_xxaa/Obj/main.o
 *fill*         0x00000000000057f3        0x1 
 .rodata.chan_idx
                0x00000000000057f4        0x8 Output/ss_twr_resp nrf52832_xxaa/Obj/deca_params_init.o
                0x00000000000057f4                chan_idx
 .rodata.tx_config
                0x00000000000057fc       0x18 Output/ss_twr_resp nrf52832_xxaa/Obj/deca_params_init.o
                0x00000000000057fc                tx_config
 .rodata.fs_pll_cfg
                0x0000000000005814       0x18 Output/ss_twr_resp nrf52832_xxaa/Obj/deca_params_init.o
                0x0000000000005814                fs_pll_cfg
 .rodata.fs_pll_tune
                0x000000000000582c        0x6 Output/ss_twr_resp nrf52832_xxaa/Obj/deca_params_init.o
                0x000000000000582c                fs_pll_tune
 *fill*         0x0000000000005832        0x2 
 .rodata.rx_config
                0x0000000000005834        0x2 Output/ss_twr_resp nrf52832_xxaa/Obj/deca_params_init.o
                0x0000000000005834                rx_config
 *fill*         0x0000000000005836        0x2 
 .rodata.agc_config
                0x0000000000005838        0x8 Output/ss_twr_resp nrf52832_xxaa/Obj/deca_params_init.o
                0x0000000000005838                agc_config
 .rodata.dwnsSFDlen
                0x0000000000005840        0x3 Output/ss_twr_resp nrf52832_xxaa/Obj/deca_params_init.o
                0x0000000000005840                dwnsSFDlen
 *fill*         0x0000000000005843        0x1 
 .rodata.sftsh  0x0000000000005844        0xc Output/ss_twr_resp nrf52832_xxaa/Obj/deca_params_init.o
                0x0000000000005844                sftsh
 .rodata.dtune1
                0x0000000000005850        0x4 Output/ss_twr_resp nrf52832_xxaa/Obj/deca_params_init.o
                0x0000000000005850                dtune1
 .rodata.digital_bb_config
                0x0000000000005854       0x20 Output/ss_twr_resp nrf52832_xxaa/Obj/deca_params_init.o
                0x0000000000005854                digital_bb_config
 .rodata.lde_replicaCoeff
                0x0000000000005874       0x32 Output/ss_twr_resp nrf52832_xxaa/Obj/deca_params_init.o
                0x0000000000005874                lde_replicaCoeff
 *fill*         0x00000000000058a6        0x2 
 .rodata.spi    0x00000000000058a8        0x8 Output/ss_twr_resp nrf52832_xxaa/Obj/port_platform.o
 .rodata        0x00000000000058b0       0x20 Output/ss_twr_resp nrf52832_xxaa/Obj/port_platform.o
 .rodata        0x00000000000058d0        0x5 Output/ss_twr_resp nrf52832_xxaa/Obj/tasks.o
 *fill*         0x00000000000058d5        0x3 
 .rodata        0x00000000000058d8        0xd Output/ss_twr_resp nrf52832_xxaa/Obj/timers.o
                0x00000000000058e5                __rodata_end__ = (__rodata_start__ + SIZEOF (.rodata))
                0x000000000000010d                __rodata_size__ = SIZEOF (.rodata)
                0x00000000000058e5                __rodata_load_end__ = __rodata_end__

.rel.dyn        0x0000000000000000        0x0
 .rel.iplt      0x0000000000000000        0x0 Output/ss_twr_resp nrf52832_xxaa/Obj/thumb_crt0.o
                0x0000000000000001                . = ASSERT (((__rodata_start__ == __rodata_end__) || ((__rodata_end__ - __FLASH_segment_start__) <= __FLASH_segment_size__)), error: .rodata is too large to fit in FLASH memory segment)
                0x00000000000058e8                __ARM.exidx_load_start__ = ALIGN (__rodata_end__, 0x4)

.ARM.exidx      0x00000000000058e8        0x0
                0x00000000000058e8                __ARM.exidx_start__ = .
                0x00000000000058e8                __exidx_start = __ARM.exidx_start__
 *(.ARM.exidx .ARM.exidx.*)
                0x00000000000058e8                __ARM.exidx_end__ = (__ARM.exidx_start__ + SIZEOF (.ARM.exidx))
                0x0000000000000000                __ARM.exidx_size__ = SIZEOF (.ARM.exidx)
                0x00000000000058e8                __exidx_end = __ARM.exidx_end__
                0x00000000000058e8                __ARM.exidx_load_end__ = __ARM.exidx_end__
                0x0000000000000001                . = ASSERT (((__ARM.exidx_start__ == __ARM.exidx_end__) || ((__ARM.exidx_end__ - __FLASH_segment_start__) <= __FLASH_segment_size__)), error: .ARM.exidx is too large to fit in FLASH memory segment)
                0x00000000000058e8                __fast_load_start__ = ALIGN (__ARM.exidx_end__, 0x4)

.fast           0x0000000020000000        0x0 load address 0x00000000000058e8
                0x0000000020000000                __fast_start__ = .
 *(.fast .fast.*)
                0x0000000020000000                __fast_end__ = (__fast_start__ + SIZEOF (.fast))
                0x0000000000000000                __fast_size__ = SIZEOF (.fast)
                0x00000000000058e8                __fast_load_end__ = (__fast_load_start__ + SIZEOF (.fast))
                0x0000000000000001                . = ASSERT (((__fast_load_start__ == __fast_load_end__) || ((__fast_load_end__ - __FLASH_segment_start__) <= __FLASH_segment_size__)), error: .fast is too large to fit in FLASH memory segment)

.fast_run       0x0000000020000000        0x0
                0x0000000020000000                __fast_run_start__ = .
                0x0000000020000000                . = MAX ((__fast_run_start__ + SIZEOF (.fast)), .)
                0x0000000020000000                __fast_run_end__ = (__fast_run_start__ + SIZEOF (.fast_run))
                0x0000000000000000                __fast_run_size__ = SIZEOF (.fast_run)
                0x0000000020000000                __fast_run_load_end__ = __fast_run_end__
                0x0000000000000001                . = ASSERT (((__fast_run_start__ == __fast_run_end__) || ((__fast_run_end__ - __SRAM_segment_start__) <= __SRAM_segment_size__)), error: .fast_run is too large to fit in SRAM memory segment)
                0x00000000000058e8                __data_load_start__ = ALIGN ((__fast_load_start__ + SIZEOF (.fast)), 0x4)

.data           0x0000000020000000       0x38 load address 0x00000000000058e8
                0x0000000020000000                __data_start__ = .
 *(.data .data.* .gnu.linkonce.d.*)
 .data.SystemCoreClock
                0x0000000020000000        0x4 Output/ss_twr_resp nrf52832_xxaa/Obj/system_nrf52.o
                0x0000000020000000                SystemCoreClock
 .data.config   0x0000000020000004        0xc Output/ss_twr_resp nrf52832_xxaa/Obj/main.o
 .data.rx_poll_msg
                0x0000000020000010        0xc Output/ss_twr_resp nrf52832_xxaa/Obj/ss_resp_main.o
 .data.tx_resp_msg
                0x000000002000001c       0x14 Output/ss_twr_resp nrf52832_xxaa/Obj/ss_resp_main.o
 .data.pdw1000local
                0x0000000020000030        0x4 Output/ss_twr_resp nrf52832_xxaa/Obj/deca_device.o
 .data.xNextTaskUnblockTime
                0x0000000020000034        0x4 Output/ss_twr_resp nrf52832_xxaa/Obj/tasks.o
                0x0000000020000038                __data_end__ = (__data_start__ + SIZEOF (.data))
                0x0000000000000038                __data_size__ = SIZEOF (.data)
                0x0000000000005920                __data_load_end__ = (__data_load_start__ + SIZEOF (.data))

.igot.plt       0x0000000100000000        0x0
 .igot.plt      0x0000000100000000        0x0 Output/ss_twr_resp nrf52832_xxaa/Obj/thumb_crt0.o
                0x0000000000000001                . = ASSERT (((__data_load_start__ == __data_load_end__) || ((__data_load_end__ - __FLASH_segment_start__) <= __FLASH_segment_size__)), error: .data is too large to fit in FLASH memory segment)

.data_run       0x0000000020000000       0x38 load address 0x00000000000058e8
                0x0000000020000000                __data_run_start__ = .
                0x0000000020000038                . = MAX ((__data_run_start__ + SIZEOF (.data)), .)
 *fill*         0x0000000020000000       0x38 
                0x0000000020000038                __data_run_end__ = (__data_run_start__ + SIZEOF (.data_run))
                0x0000000000000038                __data_run_size__ = SIZEOF (.data_run)
                0x0000000020000038                __data_run_load_end__ = __data_run_end__
                0x0000000000000001                . = ASSERT (((__data_run_start__ == __data_run_end__) || ((__data_run_end__ - __SRAM_segment_start__) <= __SRAM_segment_size__)), error: .data_run is too large to fit in SRAM memory segment)
                0x0000000000005920                __tdata_load_start__ = ALIGN ((__data_load_start__ + SIZEOF (.data)), 0x4)

.tdata          0x0000000020000038        0x0 load address 0x0000000000005920
                0x0000000020000038                __tdata_start__ = .
 *(.tdata .tdata.*)
                0x0000000020000038                __tdata_end__ = (__tdata_start__ + SIZEOF (.tdata))
                0x0000000000000000                __tdata_size__ = SIZEOF (.tdata)
                0x0000000000005920                __tdata_load_end__ = (__tdata_load_start__ + SIZEOF (.tdata))
                0x0000000000000001                . = ASSERT (((__tdata_load_start__ == __tdata_load_end__) || ((__tdata_load_end__ - __FLASH_segment_start__) <= __FLASH_segment_size__)), error: .tdata is too large to fit in FLASH memory segment)

.tdata_run      0x0000000020000038        0x0
                0x0000000020000038                __tdata_run_start__ = .
                0x0000000020000038                . = MAX ((__tdata_run_start__ + SIZEOF (.tdata)), .)
                0x0000000020000038                __tdata_run_end__ = (__tdata_run_start__ + SIZEOF (.tdata_run))
                0x0000000000000000                __tdata_run_size__ = SIZEOF (.tdata_run)
                0x0000000020000038                __tdata_run_load_end__ = __tdata_run_end__
                0x0000000000000001                . = ASSERT (((__tdata_run_start__ == __tdata_run_end__) || ((__tdata_run_end__ - __SRAM_segment_start__) <= __SRAM_segment_size__)), error: .tdata_run is too large to fit in SRAM memory segment)
                0x0000000020000038                __nrf_sections_run_load_start__ = ALIGN (__tdata_run_end__, 0x4)

.nrf_sections_run
                0x0000000020000038        0x0
                0x0000000020000038                __nrf_sections_run_start__ = .
                0x0000000020000038                __start_nrf_sections_run = __nrf_sections_run_start__
 *(.nrf_sections_run .nrf_sections_run.*)
                0x0000000020000038                __nrf_sections_run_end__ = (__nrf_sections_run_start__ + SIZEOF (.nrf_sections_run))
                0x0000000000000000                __nrf_sections_run_size__ = SIZEOF (.nrf_sections_run)
                0x0000000020000038                __nrf_sections_run_load_end__ = __nrf_sections_run_end__
                0x0000000000000001                . = ASSERT (((__nrf_sections_run_start__ == __nrf_sections_run_end__) || ((__nrf_sections_run_end__ - __SRAM_segment_start__) <= __SRAM_segment_size__)), error: .nrf_sections_run is too large to fit in SRAM memory segment)
                0x0000000000005920                __dfu_trans_load_start__ = ALIGN ((__tdata_load_start__ + SIZEOF (.tdata)), 0x4)

.dfu_trans      0x0000000000005920        0x0
                0x0000000000005920                __dfu_trans_start__ = .
                0x0000000000005920                __start_dfu_trans = __dfu_trans_start__
 *(SORT_BY_NAME(.dfu_trans*))
                0x0000000000005920                __dfu_trans_end__ = (__dfu_trans_start__ + SIZEOF (.dfu_trans))
                0x0000000000000000                __dfu_trans_size__ = SIZEOF (.dfu_trans)
                0x0000000000005920                __stop_dfu_trans = __dfu_trans_end__
                0x0000000000005920                __dfu_trans_load_end__ = __dfu_trans_end__
                0x0000000000000001                . = ASSERT (((__dfu_trans_start__ == __dfu_trans_end__) || ((__dfu_trans_end__ - __FLASH_segment_start__) <= __FLASH_segment_size__)), error: .dfu_trans is too large to fit in FLASH memory segment)
                0x0000000000005920                __log_const_data_load_start__ = ALIGN (__dfu_trans_end__, 0x4)

.log_const_data
                0x0000000000005920        0x0
                0x0000000000005920                __log_const_data_start__ = .
                0x0000000000005920                __start_log_const_data = __log_const_data_start__
 *(.log_const_data*)
                0x0000000000005920                __log_const_data_end__ = (__log_const_data_start__ + SIZEOF (.log_const_data))
                0x0000000000000000                __log_const_data_size__ = SIZEOF (.log_const_data)
                0x0000000000005920                __stop_log_const_data = __log_const_data_end__
                0x0000000000005920                __log_const_data_load_end__ = __log_const_data_end__
                0x0000000000000001                . = ASSERT (((__log_const_data_start__ == __log_const_data_end__) || ((__log_const_data_end__ - __FLASH_segment_start__) <= __FLASH_segment_size__)), error: .log_const_data is too large to fit in FLASH memory segment)
                0x0000000000005920                __svc_data_load_start__ = ALIGN (__log_const_data_end__, 0x4)

.svc_data       0x0000000000005920        0x0
                0x0000000000005920                __svc_data_start__ = .
                0x0000000000005920                __start_svc_data = __svc_data_start__
 *(.svc_data*)
                0x0000000000005920                __svc_data_end__ = (__svc_data_start__ + SIZEOF (.svc_data))
                0x0000000000000000                __svc_data_size__ = SIZEOF (.svc_data)
                0x0000000000005920                __stop_svc_data = __svc_data_end__
                0x0000000000005920                __svc_data_load_end__ = __svc_data_end__
                0x0000000000000001                . = ASSERT (((__svc_data_start__ == __svc_data_end__) || ((__svc_data_end__ - __FLASH_segment_start__) <= __FLASH_segment_size__)), error: .svc_data is too large to fit in FLASH memory segment)
                0x0000000000005920                __sdh_ble_observers_load_start__ = ALIGN (__svc_data_end__, 0x4)

.sdh_ble_observers
                0x0000000000005920        0x0
                0x0000000000005920                __sdh_ble_observers_start__ = .
                0x0000000000005920                __start_sdh_ble_observers = __sdh_ble_observers_start__
 *(SORT_BY_NAME(.sdh_ble_observers*))
                0x0000000000005920                __sdh_ble_observers_end__ = (__sdh_ble_observers_start__ + SIZEOF (.sdh_ble_observers))
                0x0000000000000000                __sdh_ble_observers_size__ = SIZEOF (.sdh_ble_observers)
                0x0000000000005920                __stop_sdh_ble_observers = __sdh_ble_observers_end__
                0x0000000000005920                __sdh_ble_observers_load_end__ = __sdh_ble_observers_end__
                0x0000000000000001                . = ASSERT (((__sdh_ble_observers_start__ == __sdh_ble_observers_end__) || ((__sdh_ble_observers_end__ - __FLASH_segment_start__) <= __FLASH_segment_size__)), error: .sdh_ble_observers is too large to fit in FLASH memory segment)
                0x0000000000005920                __sdh_req_observers_load_start__ = ALIGN (__sdh_ble_observers_end__, 0x4)

.sdh_req_observers
                0x0000000000005920        0x0
                0x0000000000005920                __sdh_req_observers_start__ = .
                0x0000000000005920                __start_sdh_req_observers = __sdh_req_observers_start__
 *(SORT_BY_NAME(.sdh_req_observers*))
                0x0000000000005920                __sdh_req_observers_end__ = (__sdh_req_observers_start__ + SIZEOF (.sdh_req_observers))
                0x0000000000000000                __sdh_req_observers_size__ = SIZEOF (.sdh_req_observers)
                0x0000000000005920                __stop_sdh_req_observers = __sdh_req_observers_end__
                0x0000000000005920                __sdh_req_observers_load_end__ = __sdh_req_observers_end__
                0x0000000000000001                . = ASSERT (((__sdh_req_observers_start__ == __sdh_req_observers_end__) || ((__sdh_req_observers_end__ - __FLASH_segment_start__) <= __FLASH_segment_size__)), error: .sdh_req_observers is too large to fit in FLASH memory segment)
                0x0000000000005920                __sdh_state_observers_load_start__ = ALIGN (__sdh_req_observers_end__, 0x4)

.sdh_state_observers
                0x0000000000005920        0x0
                0x0000000000005920                __sdh_state_observers_start__ = .
                0x0000000000005920                __start_sdh_state_observers = __sdh_state_observers_start__
 *(SORT_BY_NAME(.sdh_state_observers*))
                0x0000000000005920                __sdh_state_observers_end__ = (__sdh_state_observers_start__ + SIZEOF (.sdh_state_observers))
                0x0000000000000000                __sdh_state_observers_size__ = SIZEOF (.sdh_state_observers)
                0x0000000000005920                __stop_sdh_state_observers = __sdh_state_observers_end__
                0x0000000000005920                __sdh_state_observers_load_end__ = __sdh_state_observers_end__
                0x0000000000000001                . = ASSERT (((__sdh_state_observers_start__ == __sdh_state_observers_end__) || ((__sdh_state_observers_end__ - __FLASH_segment_start__) <= __FLASH_segment_size__)), error: .sdh_state_observers is too large to fit in FLASH memory segment)
                0x0000000000005920                __sdh_stack_observers_load_start__ = ALIGN (__sdh_state_observers_end__, 0x4)

.sdh_stack_observers
                0x0000000000005920        0x0
                0x0000000000005920                __sdh_stack_observers_start__ = .
                0x0000000000005920                __start_sdh_stack_observers = __sdh_stack_observers_start__
 *(SORT_BY_NAME(.sdh_stack_observers*))
                0x0000000000005920                __sdh_stack_observers_end__ = (__sdh_stack_observers_start__ + SIZEOF (.sdh_stack_observers))
                0x0000000000000000                __sdh_stack_observers_size__ = SIZEOF (.sdh_stack_observers)
                0x0000000000005920                __stop_sdh_stack_observers = __sdh_stack_observers_end__
                0x0000000000005920                __sdh_stack_observers_load_end__ = __sdh_stack_observers_end__
                0x0000000000000001                . = ASSERT (((__sdh_stack_observers_start__ == __sdh_stack_observers_end__) || ((__sdh_stack_observers_end__ - __FLASH_segment_start__) <= __FLASH_segment_size__)), error: .sdh_stack_observers is too large to fit in FLASH memory segment)
                0x0000000000005920                __sdh_soc_observers_load_start__ = ALIGN (__sdh_stack_observers_end__, 0x4)

.sdh_soc_observers
                0x0000000000005920        0x0
                0x0000000000005920                __sdh_soc_observers_start__ = .
                0x0000000000005920                __start_sdh_soc_observers = __sdh_soc_observers_start__
 *(SORT_BY_NAME(.sdh_soc_observers*))
                0x0000000000005920                __sdh_soc_observers_end__ = (__sdh_soc_observers_start__ + SIZEOF (.sdh_soc_observers))
                0x0000000000000000                __sdh_soc_observers_size__ = SIZEOF (.sdh_soc_observers)
                0x0000000000005920                __stop_sdh_soc_observers = __sdh_soc_observers_end__
                0x0000000000005920                __sdh_soc_observers_load_end__ = __sdh_soc_observers_end__
                0x0000000000000001                . = ASSERT (((__sdh_soc_observers_start__ == __sdh_soc_observers_end__) || ((__sdh_soc_observers_end__ - __FLASH_segment_start__) <= __FLASH_segment_size__)), error: .sdh_soc_observers is too large to fit in FLASH memory segment)
                0x0000000000005920                __nrf_sections_load_start__ = ALIGN (__sdh_soc_observers_end__, 0x4)

.nrf_sections   0x0000000000005920        0x0
                0x0000000000005920                __nrf_sections_start__ = .
                0x0000000000005920                __start_nrf_sections = __nrf_sections_start__
 *(.nrf_sections .nrf_sections.*)
                0x0000000000005920                __nrf_sections_end__ = (__nrf_sections_start__ + SIZEOF (.nrf_sections))
                0x0000000000000000                __nrf_sections_size__ = SIZEOF (.nrf_sections)
                0x0000000000005920                __nrf_sections_load_end__ = __nrf_sections_end__
                0x0000000000000001                . = ASSERT (((__nrf_sections_start__ == __nrf_sections_end__) || ((__nrf_sections_end__ - __FLASH_segment_start__) <= __FLASH_segment_size__)), error: .nrf_sections is too large to fit in FLASH memory segment)
                0x0000000000005920                __log_dynamic_data_load_start__ = ALIGN (__nrf_sections_end__, 0x4)

.log_dynamic_data
                0x0000000020000038        0x0 load address 0x0000000000005920
                0x0000000020000038                __log_dynamic_data_start__ = .
 *(.log_dynamic_data*)
                0x0000000020000038                __log_dynamic_data_end__ = (__log_dynamic_data_start__ + SIZEOF (.log_dynamic_data))
                0x0000000000000000                __log_dynamic_data_size__ = SIZEOF (.log_dynamic_data)
                0x0000000000005920                __log_dynamic_data_load_end__ = (__log_dynamic_data_load_start__ + SIZEOF (.log_dynamic_data))
                0x0000000000000001                . = ASSERT (((__log_dynamic_data_load_start__ == __log_dynamic_data_load_end__) || ((__log_dynamic_data_load_end__ - __FLASH_segment_start__) <= __FLASH_segment_size__)), error: .log_dynamic_data is too large to fit in FLASH memory segment)

.log_dynamic_data_run
                0x0000000020000038        0x0
                0x0000000020000038                __log_dynamic_data_run_start__ = .
                0x0000000020000038                __start_log_dynamic_data = __log_dynamic_data_run_start__
                0x0000000020000038                . = MAX ((__log_dynamic_data_run_start__ + SIZEOF (.log_dynamic_data)), .)
                0x0000000020000038                __log_dynamic_data_run_end__ = (__log_dynamic_data_run_start__ + SIZEOF (.log_dynamic_data_run))
                0x0000000000000000                __log_dynamic_data_run_size__ = SIZEOF (.log_dynamic_data_run)
                0x0000000020000038                __stop_log_dynamic_data = __log_dynamic_data_run_end__
                0x0000000020000038                __log_dynamic_data_run_load_end__ = __log_dynamic_data_run_end__
                0x0000000000000001                . = ASSERT (((__log_dynamic_data_run_start__ == __log_dynamic_data_run_end__) || ((__log_dynamic_data_run_end__ - __SRAM_segment_start__) <= __SRAM_segment_size__)), error: .log_dynamic_data_run is too large to fit in SRAM memory segment)
                0x0000000000005920                __fs_data_load_start__ = ALIGN ((__log_dynamic_data_load_start__ + SIZEOF (.log_dynamic_data)), 0x4)

.fs_data        0x0000000020000038        0x0 load address 0x0000000000005920
                0x0000000020000038                __fs_data_start__ = .
 *(.fs_data*)
                0x0000000020000038                __fs_data_end__ = (__fs_data_start__ + SIZEOF (.fs_data))
                0x0000000000000000                __fs_data_size__ = SIZEOF (.fs_data)
                0x0000000000005920                __fs_data_load_end__ = (__fs_data_load_start__ + SIZEOF (.fs_data))
                0x0000000000005920                __FLASH_segment_used_end__ = (ALIGN ((__log_dynamic_data_load_start__ + SIZEOF (.log_dynamic_data)), 0x4) + SIZEOF (.fs_data))
                0x0000000000005920                __FLASH_segment_used_size__ = (__FLASH_segment_used_end__ - __FLASH_segment_start__)
                0x0000000000000001                . = ASSERT (((__fs_data_load_start__ == __fs_data_load_end__) || ((__fs_data_load_end__ - __FLASH_segment_start__) <= __FLASH_segment_size__)), error: .fs_data is too large to fit in FLASH memory segment)

.fs_data_run    0x0000000020000038        0x0
                0x0000000020000038                __fs_data_run_start__ = .
                0x0000000020000038                __start_fs_data = __fs_data_run_start__
                0x0000000020000038                . = MAX ((__fs_data_run_start__ + SIZEOF (.fs_data)), .)
                0x0000000020000038                __fs_data_run_end__ = (__fs_data_run_start__ + SIZEOF (.fs_data_run))
                0x0000000000000000                __fs_data_run_size__ = SIZEOF (.fs_data_run)
                0x0000000020000038                __stop_fs_data = __fs_data_run_end__
                0x0000000020000038                __fs_data_run_load_end__ = __fs_data_run_end__
                0x0000000000000001                . = ASSERT (((__fs_data_run_start__ == __fs_data_run_end__) || ((__fs_data_run_end__ - __SRAM_segment_start__) <= __SRAM_segment_size__)), error: .fs_data_run is too large to fit in SRAM memory segment)
                0x0000000020000038                __nrf_sections_run_end_load_start__ = ALIGN (__fs_data_run_end__, 0x4)

.nrf_sections_run_end
                0x0000000020000038        0x0
                0x0000000020000038                __nrf_sections_run_end_start__ = .
                0x0000000020000038                __end_nrf_sections_run = __nrf_sections_run_end_start__
 *(.nrf_sections_run_end .nrf_sections_run_end.*)
                0x0000000020000038                __nrf_sections_run_end_end__ = (__nrf_sections_run_end_start__ + SIZEOF (.nrf_sections_run_end))
                0x0000000000000000                __nrf_sections_run_end_size__ = SIZEOF (.nrf_sections_run_end)
                0x0000000020000038                __nrf_sections_run_end_load_end__ = __nrf_sections_run_end_end__
                0x0000000000000001                . = ASSERT (((__nrf_sections_run_end_start__ == __nrf_sections_run_end_end__) || ((__nrf_sections_run_end_end__ - __SRAM_segment_start__) <= __SRAM_segment_size__)), error: .nrf_sections_run_end is too large to fit in SRAM memory segment)
                0x0000000020000038                __bss_load_start__ = ALIGN (__nrf_sections_run_end_end__, 0x4)

.bss            0x0000000020000038     0x1260
                0x0000000020000038                __bss_start__ = .
 *(.bss .bss.* .gnu.linkonce.b.*)
 .bss.ss_responder_task_handle
                0x0000000020000038        0x4 Output/ss_twr_resp nrf52832_xxaa/Obj/main.o
                0x0000000020000038                ss_responder_task_handle
 .bss.led_toggle_task_handle
                0x000000002000003c        0x4 Output/ss_twr_resp nrf52832_xxaa/Obj/main.o
                0x000000002000003c                led_toggle_task_handle
 .bss.led_toggle_timer_handle
                0x0000000020000040        0x4 Output/ss_twr_resp nrf52832_xxaa/Obj/main.o
                0x0000000020000040                led_toggle_timer_handle
 .bss.frame_seq_nb
                0x0000000020000044        0x1 Output/ss_twr_resp nrf52832_xxaa/Obj/ss_resp_main.o
 *fill*         0x0000000020000045        0x3 
 .bss.rx_buffer
                0x0000000020000048       0x18 Output/ss_twr_resp nrf52832_xxaa/Obj/ss_resp_main.o
 .bss.status_reg
                0x0000000020000060        0x4 Output/ss_twr_resp nrf52832_xxaa/Obj/ss_resp_main.o
 *fill*         0x0000000020000064        0x4 
 .bss.poll_rx_ts
                0x0000000020000068        0x8 Output/ss_twr_resp nrf52832_xxaa/Obj/ss_resp_main.o
 .bss.resp_tx_ts
                0x0000000020000070        0x8 Output/ss_twr_resp nrf52832_xxaa/Obj/ss_resp_main.o
 .bss.m_cb      0x0000000020000078       0x58 Output/ss_twr_resp nrf52832_xxaa/Obj/nrf_drv_gpiote.o
 .bss.m_cb      0x00000000200000d0       0x24 Output/ss_twr_resp nrf52832_xxaa/Obj/nrf_drv_spi.o
 .bss.m_cb      0x00000000200000f4       0x20 Output/ss_twr_resp nrf52832_xxaa/Obj/nrf_drv_uart.o
 .bss.m_clock_cb
                0x0000000020000114       0x14 Output/ss_twr_resp nrf52832_xxaa/Obj/nrf_drv_clock.o
 .bss.m_in_critical_region
                0x0000000020000128        0x4 Output/ss_twr_resp nrf52832_xxaa/Obj/app_util_platform.o
 .bss.dw1000local
                0x000000002000012c       0x38 Output/ss_twr_resp nrf52832_xxaa/Obj/deca_device.o
 .bss.spi_xfer_done
                0x0000000020000164        0x1 Output/ss_twr_resp nrf52832_xxaa/Obj/port_platform.o
 *fill*         0x0000000020000165        0x3 
 .bss.xQueueRegistry
                0x0000000020000168       0x10 Output/ss_twr_resp nrf52832_xxaa/Obj/queue.o
                0x0000000020000168                xQueueRegistry
 .bss.pxCurrentTCB
                0x0000000020000178        0x4 Output/ss_twr_resp nrf52832_xxaa/Obj/tasks.o
                0x0000000020000178                pxCurrentTCB
 .bss.pxReadyTasksLists
                0x000000002000017c       0x3c Output/ss_twr_resp nrf52832_xxaa/Obj/tasks.o
 .bss.xDelayedTaskList1
                0x00000000200001b8       0x14 Output/ss_twr_resp nrf52832_xxaa/Obj/tasks.o
 .bss.xDelayedTaskList2
                0x00000000200001cc       0x14 Output/ss_twr_resp nrf52832_xxaa/Obj/tasks.o
 .bss.pxDelayedTaskList
                0x00000000200001e0        0x4 Output/ss_twr_resp nrf52832_xxaa/Obj/tasks.o
 .bss.pxOverflowDelayedTaskList
                0x00000000200001e4        0x4 Output/ss_twr_resp nrf52832_xxaa/Obj/tasks.o
 .bss.xPendingReadyList
                0x00000000200001e8       0x14 Output/ss_twr_resp nrf52832_xxaa/Obj/tasks.o
 .bss.xTasksWaitingTermination
                0x00000000200001fc       0x14 Output/ss_twr_resp nrf52832_xxaa/Obj/tasks.o
 .bss.uxTasksDeleted
                0x0000000020000210        0x4 Output/ss_twr_resp nrf52832_xxaa/Obj/tasks.o
 .bss.xSuspendedTaskList
                0x0000000020000214       0x14 Output/ss_twr_resp nrf52832_xxaa/Obj/tasks.o
 .bss.xIdleTaskHandle
                0x0000000020000228        0x4 Output/ss_twr_resp nrf52832_xxaa/Obj/tasks.o
 .bss.uxCurrentNumberOfTasks
                0x000000002000022c        0x4 Output/ss_twr_resp nrf52832_xxaa/Obj/tasks.o
 .bss.xTickCount
                0x0000000020000230        0x4 Output/ss_twr_resp nrf52832_xxaa/Obj/tasks.o
 .bss.uxTopReadyPriority
                0x0000000020000234        0x4 Output/ss_twr_resp nrf52832_xxaa/Obj/tasks.o
 .bss.xSchedulerRunning
                0x0000000020000238        0x4 Output/ss_twr_resp nrf52832_xxaa/Obj/tasks.o
 .bss.uxPendedTicks
                0x000000002000023c        0x4 Output/ss_twr_resp nrf52832_xxaa/Obj/tasks.o
 .bss.xYieldPending
                0x0000000020000240        0x4 Output/ss_twr_resp nrf52832_xxaa/Obj/tasks.o
 .bss.xNumOfOverflows
                0x0000000020000244        0x4 Output/ss_twr_resp nrf52832_xxaa/Obj/tasks.o
 .bss.uxTaskNumber
                0x0000000020000248        0x4 Output/ss_twr_resp nrf52832_xxaa/Obj/tasks.o
 .bss.uxSchedulerSuspended
                0x000000002000024c        0x4 Output/ss_twr_resp nrf52832_xxaa/Obj/tasks.o
 .bss.xActiveTimerList1
                0x0000000020000250       0x14 Output/ss_twr_resp nrf52832_xxaa/Obj/timers.o
 .bss.xActiveTimerList2
                0x0000000020000264       0x14 Output/ss_twr_resp nrf52832_xxaa/Obj/timers.o
 .bss.pxCurrentTimerList
                0x0000000020000278        0x4 Output/ss_twr_resp nrf52832_xxaa/Obj/timers.o
 .bss.pxOverflowTimerList
                0x000000002000027c        0x4 Output/ss_twr_resp nrf52832_xxaa/Obj/timers.o
 .bss.xTimerQueue
                0x0000000020000280        0x4 Output/ss_twr_resp nrf52832_xxaa/Obj/timers.o
 .bss.xTimerTaskHandle
                0x0000000020000284        0x4 Output/ss_twr_resp nrf52832_xxaa/Obj/timers.o
 .bss.xLastTime.8228
                0x0000000020000288        0x4 Output/ss_twr_resp nrf52832_xxaa/Obj/timers.o
 .bss.ucHeap    0x000000002000028c     0x1000 Output/ss_twr_resp nrf52832_xxaa/Obj/heap_1.o
 .bss.xNextFreeByte
                0x000000002000128c        0x4 Output/ss_twr_resp nrf52832_xxaa/Obj/heap_1.o
 .bss.pucAlignedHeap.7972
                0x0000000020001290        0x4 Output/ss_twr_resp nrf52832_xxaa/Obj/heap_1.o
 .bss.uxCriticalNesting
                0x0000000020001294        0x4 Output/ss_twr_resp nrf52832_xxaa/Obj/port_cmsis.o
 *(COMMON)
                0x0000000020001298                __bss_end__ = (__bss_start__ + SIZEOF (.bss))
                0x0000000000001260                __bss_size__ = SIZEOF (.bss)
                0x0000000020001298                __bss_load_end__ = __bss_end__
                0x0000000000000001                . = ASSERT (((__bss_start__ == __bss_end__) || ((__bss_end__ - __SRAM_segment_start__) <= __SRAM_segment_size__)), error: .bss is too large to fit in SRAM memory segment)
                0x0000000020001298                __tbss_load_start__ = ALIGN (__bss_end__, 0x4)

.tbss           0x0000000020001298        0x0
                0x0000000020001298                __tbss_start__ = .
 *(.tbss .tbss.*)
                0x0000000020001298                __tbss_end__ = (__tbss_start__ + SIZEOF (.tbss))
                0x0000000000000000                __tbss_size__ = SIZEOF (.tbss)
                0x0000000020001298                __tbss_load_end__ = __tbss_end__
                0x0000000000000001                . = ASSERT (((__tbss_start__ == __tbss_end__) || ((__tbss_end__ - __SRAM_segment_start__) <= __SRAM_segment_size__)), error: .tbss is too large to fit in SRAM memory segment)
                0x0000000020001298                __non_init_load_start__ = ALIGN (__tbss_end__, 0x4)

.non_init       0x0000000020001298        0x0
                0x0000000020001298                __non_init_start__ = .
 *(.non_init .non_init.*)
                0x0000000020001298                __non_init_end__ = (__non_init_start__ + SIZEOF (.non_init))
                0x0000000000000000                __non_init_size__ = SIZEOF (.non_init)
                0x0000000020001298                __non_init_load_end__ = __non_init_end__
                0x0000000000000001                . = ASSERT (((__non_init_start__ == __non_init_end__) || ((__non_init_end__ - __SRAM_segment_start__) <= __SRAM_segment_size__)), error: .non_init is too large to fit in SRAM memory segment)
                0x0000000020001298                __heap_load_start__ = ALIGN (__non_init_end__, 0x4)

.heap           0x0000000020001298      0x400
                0x0000000020001298                __heap_start__ = .
 *(.heap .heap.*)
                0x0000000020001698                . = ALIGN (MAX ((__heap_start__ + __HEAPSIZE__), .), 0x4)
 *fill*         0x0000000020001298      0x400 
                0x0000000020001698                __heap_end__ = (__heap_start__ + SIZEOF (.heap))
                0x0000000000000400                __heap_size__ = SIZEOF (.heap)
                0x0000000020001698                __heap_load_end__ = __heap_end__
                0x0000000000000001                . = ASSERT (((__heap_start__ == __heap_end__) || ((__heap_end__ - __SRAM_segment_start__) <= __SRAM_segment_size__)), error: .heap is too large to fit in SRAM memory segment)
                0x000000002000fc00                __stack_load_start__ = (__SRAM_segment_start__ + (__SRAM_segment_size__ - 0x400))

.stack          0x000000002000fc00      0x400
                0x000000002000fc00                __stack_start__ = .
                0x000000002000fc00                __StackLimit = __stack_start__
 *(.stack .stack.*)
                0x0000000020010000                . = ALIGN (MAX ((__stack_start__ + __STACKSIZE__), .), 0x8)
 *fill*         0x000000002000fc00      0x400 
                0x0000000020010000                __stack_end__ = (__stack_start__ + SIZEOF (.stack))
                0x0000000000000400                __stack_size__ = SIZEOF (.stack)
                0x0000000020010000                __StackTop = __stack_end__
                0x0000000020010000                __stack_load_end__ = __stack_end__
                0x0000000000000001                . = ASSERT (((__stack_start__ == __stack_end__) || ((__stack_end__ - __SRAM_segment_start__) <= __SRAM_segment_size__)), error: .stack is too large to fit in SRAM memory segment)
                0x0000000000000001                . = ASSERT ((__heap_end__ <= __stack_start__), error: section .heap overlaps absolute placed section .stack)
                0x0000000020010000                __stack_process_load_start__ = ALIGN (__stack_end__, 0x8)

.stack_process  0x0000000020010000        0x0
                0x0000000020010000                __stack_process_start__ = .
 *(.stack_process .stack_process.*)
                0x0000000020010000                . = ALIGN (MAX ((__stack_process_start__ + __STACKSIZE_PROCESS__), .), 0x8)
                0x0000000020010000                __stack_process_end__ = (__stack_process_start__ + SIZEOF (.stack_process))
                0x0000000000000000                __stack_process_size__ = SIZEOF (.stack_process)
                0x0000000020010000                __stack_process_load_end__ = __stack_process_end__
                0x0000000020010000                __SRAM_segment_used_end__ = (ALIGN (__stack_end__, 0x8) + SIZEOF (.stack_process))
                0x0000000000010000                __SRAM_segment_used_size__ = (__SRAM_segment_used_end__ - __SRAM_segment_start__)
                0x0000000000000001                . = ASSERT (((__stack_process_start__ == __stack_process_end__) || ((__stack_process_end__ - __SRAM_segment_start__) <= __SRAM_segment_size__)), error: .stack_process is too large to fit in SRAM memory segment)
START GROUP
LOAD Output/ss_twr_resp nrf52832_xxaa/Obj/thumb_crt0.o
LOAD Output/ss_twr_resp nrf52832_xxaa/Obj/system_nrf52.o
LOAD Output/ss_twr_resp nrf52832_xxaa/Obj/ses_nrf52_startup.o
LOAD Output/ss_twr_resp nrf52832_xxaa/Obj/main.o
LOAD Output/ss_twr_resp nrf52832_xxaa/Obj/ss_resp_main.o
LOAD Output/ss_twr_resp nrf52832_xxaa/Obj/boards.o
LOAD Output/ss_twr_resp nrf52832_xxaa/Obj/bsp.o
LOAD Output/ss_twr_resp nrf52832_xxaa/Obj/bsp_nfc.o
LOAD Output/ss_twr_resp nrf52832_xxaa/Obj/nrf_drv_common.o
LOAD Output/ss_twr_resp nrf52832_xxaa/Obj/nrf_drv_gpiote.o
LOAD Output/ss_twr_resp nrf52832_xxaa/Obj/nrf_drv_spi.o
LOAD Output/ss_twr_resp nrf52832_xxaa/Obj/nrf_drv_uart.o
LOAD Output/ss_twr_resp nrf52832_xxaa/Obj/nrf_drv_clock.o
LOAD Output/ss_twr_resp nrf52832_xxaa/Obj/app_button.o
LOAD Output/ss_twr_resp nrf52832_xxaa/Obj/app_error.o
LOAD Output/ss_twr_resp nrf52832_xxaa/Obj/app_error_weak.o
LOAD Output/ss_twr_resp nrf52832_xxaa/Obj/app_scheduler.o
LOAD Output/ss_twr_resp nrf52832_xxaa/Obj/app_util_platform.o
LOAD Output/ss_twr_resp nrf52832_xxaa/Obj/nrf_assert.o
LOAD Output/ss_twr_resp nrf52832_xxaa/Obj/nrf_balloc.o
LOAD Output/ss_twr_resp nrf52832_xxaa/Obj/nrf_fprintf.o
LOAD Output/ss_twr_resp nrf52832_xxaa/Obj/nrf_fprintf_format.o
LOAD Output/ss_twr_resp nrf52832_xxaa/Obj/nrf_memobj.o
LOAD Output/ss_twr_resp nrf52832_xxaa/Obj/nrf_strerror.o
LOAD Output/ss_twr_resp nrf52832_xxaa/Obj/app_timer.o
LOAD Output/ss_twr_resp nrf52832_xxaa/Obj/nrf_log_backend_rtt.o
LOAD Output/ss_twr_resp nrf52832_xxaa/Obj/nrf_log_backend_serial.o
LOAD Output/ss_twr_resp nrf52832_xxaa/Obj/nrf_log_backend_uart.o
LOAD Output/ss_twr_resp nrf52832_xxaa/Obj/nrf_log_default_backends.o
LOAD Output/ss_twr_resp nrf52832_xxaa/Obj/nrf_log_frontend.o
LOAD Output/ss_twr_resp nrf52832_xxaa/Obj/nrf_log_str_formatter.o
LOAD Output/ss_twr_resp nrf52832_xxaa/Obj/SEGGER_RTT.o
LOAD Output/ss_twr_resp nrf52832_xxaa/Obj/SEGGER_RTT_printf.o
LOAD Output/ss_twr_resp nrf52832_xxaa/Obj/SEGGER_RTT_Syscalls_KEIL.o
LOAD Output/ss_twr_resp nrf52832_xxaa/Obj/deca_device.o
LOAD Output/ss_twr_resp nrf52832_xxaa/Obj/deca_params_init.o
LOAD Output/ss_twr_resp nrf52832_xxaa/Obj/port_platform.o
LOAD Output/ss_twr_resp nrf52832_xxaa/Obj/croutine.o
LOAD Output/ss_twr_resp nrf52832_xxaa/Obj/event_groups.o
LOAD Output/ss_twr_resp nrf52832_xxaa/Obj/list.o
LOAD Output/ss_twr_resp nrf52832_xxaa/Obj/queue.o
LOAD Output/ss_twr_resp nrf52832_xxaa/Obj/tasks.o
LOAD Output/ss_twr_resp nrf52832_xxaa/Obj/timers.o
LOAD Output/ss_twr_resp nrf52832_xxaa/Obj/heap_1.o
LOAD Output/ss_twr_resp nrf52832_xxaa/Obj/app_timer_freertos.o
LOAD Output/ss_twr_resp nrf52832_xxaa/Obj/port_cmsis.o
LOAD Output/ss_twr_resp nrf52832_xxaa/Obj/port_cmsis_systick.o
LOAD Output/ss_twr_resp nrf52832_xxaa/Obj/port.o
LOAD C:/Program Files/SEGGER/SEGGER Embedded Studio for ARM 4.16/lib/libdebugio_mempoll_v7em_fpv4_sp_d16_hard_t_le_eabi.a
LOAD C:/Program Files/SEGGER/SEGGER Embedded Studio for ARM 4.16/lib/libm_v7em_fpv4_sp_d16_hard_t_le_eabi.a
LOAD C:/Program Files/SEGGER/SEGGER Embedded Studio for ARM 4.16/lib/libc_v7em_fpv4_sp_d16_hard_t_le_eabi.a
LOAD C:/Program Files/SEGGER/SEGGER Embedded Studio for ARM 4.16/lib/libcpp_v7em_fpv4_sp_d16_hard_t_le_eabi.a
LOAD C:/Program Files/SEGGER/SEGGER Embedded Studio for ARM 4.16/lib/libdebugio_v7em_fpv4_sp_d16_hard_t_le_eabi.a
LOAD C:/Program Files/SEGGER/SEGGER Embedded Studio for ARM 4.16/lib/libvfprintf_v7em_fpv4_sp_d16_hard_t_le_eabi.o
LOAD C:/Program Files/SEGGER/SEGGER Embedded Studio for ARM 4.16/lib/libvfscanf_v7em_fpv4_sp_d16_hard_t_le_eabi.o
END GROUP
OUTPUT(Output/nrf52832_xxaa/Exe/ss_twr_resp.elf elf32-littlearm)

.ARM.attributes
                0x0000000000000000       0x35
 .ARM.attributes
                0x0000000000000000       0x25 Output/ss_twr_resp nrf52832_xxaa/Obj/thumb_crt0.o
 .ARM.attributes
                0x0000000000000025       0x39 Output/ss_twr_resp nrf52832_xxaa/Obj/system_nrf52.o
 .ARM.attributes
                0x000000000000005e       0x25 Output/ss_twr_resp nrf52832_xxaa/Obj/ses_nrf52_startup.o
 .ARM.attributes
                0x0000000000000083       0x39 Output/ss_twr_resp nrf52832_xxaa/Obj/main.o
 .ARM.attributes
                0x00000000000000bc       0x39 Output/ss_twr_resp nrf52832_xxaa/Obj/ss_resp_main.o
 .ARM.attributes
                0x00000000000000f5       0x39 Output/ss_twr_resp nrf52832_xxaa/Obj/nrf_drv_common.o
 .ARM.attributes
                0x000000000000012e       0x39 Output/ss_twr_resp nrf52832_xxaa/Obj/nrf_drv_gpiote.o
 .ARM.attributes
                0x0000000000000167       0x39 Output/ss_twr_resp nrf52832_xxaa/Obj/nrf_drv_spi.o
 .ARM.attributes
                0x00000000000001a0       0x39 Output/ss_twr_resp nrf52832_xxaa/Obj/nrf_drv_uart.o
 .ARM.attributes
                0x00000000000001d9       0x39 Output/ss_twr_resp nrf52832_xxaa/Obj/nrf_drv_clock.o
 .ARM.attributes
                0x0000000000000212       0x39 Output/ss_twr_resp nrf52832_xxaa/Obj/app_error.o
 .ARM.attributes
                0x000000000000024b       0x39 Output/ss_twr_resp nrf52832_xxaa/Obj/app_error_weak.o
 .ARM.attributes
                0x0000000000000284       0x39 Output/ss_twr_resp nrf52832_xxaa/Obj/app_util_platform.o
 .ARM.attributes
                0x00000000000002bd       0x39 Output/ss_twr_resp nrf52832_xxaa/Obj/deca_device.o
 .ARM.attributes
                0x00000000000002f6       0x39 Output/ss_twr_resp nrf52832_xxaa/Obj/deca_params_init.o
 .ARM.attributes
                0x000000000000032f       0x39 Output/ss_twr_resp nrf52832_xxaa/Obj/port_platform.o
 .ARM.attributes
                0x0000000000000368       0x39 Output/ss_twr_resp nrf52832_xxaa/Obj/list.o
 .ARM.attributes
                0x00000000000003a1       0x39 Output/ss_twr_resp nrf52832_xxaa/Obj/queue.o
 .ARM.attributes
                0x00000000000003da       0x39 Output/ss_twr_resp nrf52832_xxaa/Obj/tasks.o
 .ARM.attributes
                0x0000000000000413       0x39 Output/ss_twr_resp nrf52832_xxaa/Obj/timers.o
 .ARM.attributes
                0x000000000000044c       0x39 Output/ss_twr_resp nrf52832_xxaa/Obj/heap_1.o
 .ARM.attributes
                0x0000000000000485       0x39 Output/ss_twr_resp nrf52832_xxaa/Obj/port_cmsis.o
 .ARM.attributes
                0x00000000000004be       0x39 Output/ss_twr_resp nrf52832_xxaa/Obj/port_cmsis_systick.o
 .ARM.attributes
                0x00000000000004f7       0x39 Output/ss_twr_resp nrf52832_xxaa/Obj/port.o
 .ARM.attributes
                0x0000000000000530       0x34 C:/Program Files/SEGGER/SEGGER Embedded Studio for ARM 4.16/lib/libc_v7em_fpv4_sp_d16_hard_t_le_eabi.a(libc2.o)
 .ARM.attributes
                0x0000000000000564       0x20 C:/Program Files/SEGGER/SEGGER Embedded Studio for ARM 4.16/lib/libc_v7em_fpv4_sp_d16_hard_t_le_eabi.a(libc2_asm.o)

.comment        0x0000000000000000       0x43
 .comment       0x0000000000000000       0x43 Output/ss_twr_resp nrf52832_xxaa/Obj/system_nrf52.o
                                         0x44 (size before relaxing)
 .comment       0x0000000000000043       0x44 Output/ss_twr_resp nrf52832_xxaa/Obj/main.o
 .comment       0x0000000000000043       0x44 Output/ss_twr_resp nrf52832_xxaa/Obj/ss_resp_main.o
 .comment       0x0000000000000043       0x44 Output/ss_twr_resp nrf52832_xxaa/Obj/nrf_drv_common.o
 .comment       0x0000000000000043       0x44 Output/ss_twr_resp nrf52832_xxaa/Obj/nrf_drv_gpiote.o
 .comment       0x0000000000000043       0x44 Output/ss_twr_resp nrf52832_xxaa/Obj/nrf_drv_spi.o